# gate_encode_identity 2026-09-12T06:27:07.1954385-05:00
# A=build-i9-arch\anvil.exe sha256=FE0CF4F12DE47E0352CFBD562299144352E18102A66169B9A1F8C14D4A86CEF7
# B=build\anvil.exe sha256=E8AA2E4808CCB6AC9F66262F6710DE1300E0E265DC85D1F10616B378FDB223CA
SAME anvil_bench.exe [default] bytes=806497 sha=CE6171DA9B04267E87931E26153C84255D55B399072FDBA94A4B7E4EE00274C5
SAME anvil_bench.exe [greedy-arith] bytes=870835 sha=1215ECC00EF3CCF050D8DE13F5A47451C9A4BA631743B292735DAF7BD2FFC064
SAME anvil_bench.exe [dp-arith] bytes=858107 sha=08B4B9A5457691ABB8B2654D9072B87A0585C91B05C8CF85996DE4B88D0E88DD
SAME anvil_bench.exe [greedy-rans] bytes=861494 sha=1090E2E92250DF848068374C288ADC5094F5F41B165D060EEF98E2488EA16DB8
SAME anvil_bench.exe [dp-rans] bytes=854726 sha=6608EC5BAB0808A9D48891F1A1EC2770D9A36EBA94C00A61D1398994DE00ABBA
SAME anvil_bench.exe [sparse-rans] bytes=846633 sha=EC116B179DE7BA9036519B17CBF20B6CEB4E71372605AAC71D1F6BCF8831509F
SAME anvil_bench.exe [sparse-rans-l0] bytes=846633 sha=A76A22CBC267B18FD2C9850A9F5386224B494F0AE2514CA8342597EB3C756E40
SAME anvil_bench.exe [sparse-channels] bytes=847246 sha=9AD4B059549D7C1B284390638C71DE2B77F4B6209D66E6A3E52908BAF949FC5A
SAME anvil_bench.exe [tcopy-rans] bytes=845675 sha=D371F8195D00E2284FD2001F697B1840E54B3F4A95DD0AC55EE7ED16AAB5CC7D
SAME anvil_bench.exe [tcopy-pnra] bytes=846050 sha=3D6E31A2C22D7146214300F56EEA6681E36ECF338607A0C37DA838016BF6042A
SAME anvil_bench.exe [mdl-rans] bytes=830331 sha=630EAB5A8185772C94953292C6D634B445B2DDA76CAC2AD01246F6829860216C
SAME anvil_bench.exe [mdl-rans-l0] bytes=830331 sha=4831FB9D0D4B83D669F19D7FDADB88504B7BEFC86C63A391326C278AB799B524
SAME anvil_bench.exe [mdl-rans-l001] bytes=830331 sha=630EAB5A8185772C94953292C6D634B445B2DDA76CAC2AD01246F6829860216C
SAME anvil_bench.exe [shape-rans] bytes=855557 sha=0D144AD7AC2F71EB31C12EF69B569F545FC1800ECFC890F9965A21E62E6261CE
SAME anvil_bench.exe [shape-rans-l0] bytes=855557 sha=E3FD90F0F1E4332322D7410821C0604BE614A8F09BB6E91C15CF62E581F0F4D5
SAME anvil_bench.exe [shape-ctxmap] bytes=855956 sha=7B61DD670ACA4EE63C60D6C1B1009C4AE2D80749308020673A9FFD69166F3658
SAME anvil_bench.exe [hotop-rans] bytes=870239 sha=E5EE0D0FD86DD5B84726687FCE6530F909AB16E42C1CCD181ABA045FBB1C53CB
SAME anvil_bench.exe [hotop-budget] bytes=870239 sha=38166FC0286E3B3AC557249317659888595C8432F9FF37BBF9AE81E76BA8D798
SAME anvil_bench.exe [hotop-rlzp] bytes=848773 sha=6C3D61E862C7CF938BB4BD3DF1F591CAE290C41A3A2306EBA74BA2DC5115D5CB
INFO file-done anvil_bench.exe
SAME anvil.exe [default] bytes=104605 sha=4081D2213CBF0A015D8088098771D040CB0F93E0073033C4EE9ED74FA039EAE7
SAME anvil.exe [greedy-arith] bytes=113706 sha=F8DCC6E4CBD61FE7F55522A9BFA381E093EBC31E3CFA86C32DC35649E714FDBC
SAME anvil.exe [dp-arith] bytes=111208 sha=1DDF95727410C2F3D83BD6681936D22E83F676BC3AF8FD80A58CAFBF4B61414B
SAME anvil.exe [greedy-rans] bytes=112410 sha=5E9FBF90569E7DDE8C933B0E87EA5E030CFDEC497F801FD153BB9D83E72D1F00
SAME anvil.exe [dp-rans] bytes=109655 sha=DD10D07D7B6CC85C3C65D311BC2220421624A95C998403411D87620ACB1C93C7
SAME anvil.exe [sparse-rans] bytes=109163 sha=3343E51EB9B1116EE4518F63AD8F6D9FB851835ED0DA450F011704356270F352
SAME anvil.exe [sparse-rans-l0] bytes=109163 sha=3343E51EB9B1116EE4518F63AD8F6D9FB851835ED0DA450F011704356270F352
SAME anvil.exe [sparse-channels] bytes=109237 sha=C366D6B2E42C5E5D876B572D2B35FDB299802942CBCB507F5526BD4E26B972A6
SAME anvil.exe [tcopy-rans] bytes=108518 sha=BAFA554C741DEE3F4F722A5D1472CCF42C77A18ACDB91F63F6CCE1D9C737480B
SAME anvil.exe [tcopy-pnra] bytes=108514 sha=2C852948AA5BE6F0463301B237903C7524245231EF8B4CAE982AF653C568B30E
SAME anvil.exe [mdl-rans] bytes=107468 sha=B210B36E1A7CE5ECDE19D354803B216A34CB2757B23F42B2EBA87115E661DE06
SAME anvil.exe [mdl-rans-l0] bytes=107468 sha=5C74F485C946344CF4E5F310150CB5EDC1A8EAC879B53E9EA36D89AAFC8884EF
SAME anvil.exe [mdl-rans-l001] bytes=107468 sha=B210B36E1A7CE5ECDE19D354803B216A34CB2757B23F42B2EBA87115E661DE06
SAME anvil.exe [shape-rans] bytes=111282 sha=42F856542D73BEB260B6E41D3CB8CAA89B21062861344C18159966F0252FC2F7
SAME anvil.exe [shape-rans-l0] bytes=111282 sha=A258A55E3903681930DB6338C23CF3E5FCE20244C838DB5EB8F2CDE1D12C2949
SAME anvil.exe [shape-ctxmap] bytes=111053 sha=940676E2A2DA21C559FA4DA7856617DD1B90B548E41BA9F4CEAE3A0499077A40
SAME anvil.exe [hotop-rans] bytes=112508 sha=75A8F313FA7CBE9070368B53FA360F998E8047296F5F9335952405DD2A6DD8C5
SAME anvil.exe [hotop-budget] bytes=112508 sha=38B6C9F4FC88EF69CAECF030A84626A67738693015F235142D6C35D551912EA0
SAME anvil.exe [hotop-rlzp] bytes=110213 sha=F77C11372CB679A00AB92D5D2886A055DFB2C1D0FDF0706AA31BB372AD0AD867
INFO file-done anvil.exe
SAME CHECKSUMS.txt [default] bytes=1991 sha=464743536723298233B08C135E0802F64917E8D7AC6BF8647BEF76911CD0A602
SAME CHECKSUMS.txt [greedy-arith] bytes=2022 sha=CE162645A9D5431671FC23C6C286646146D0B8EF5875C6EB5FF920190AA80053
SAME CHECKSUMS.txt [dp-arith] bytes=1991 sha=464743536723298233B08C135E0802F64917E8D7AC6BF8647BEF76911CD0A602
SAME CHECKSUMS.txt [greedy-rans] bytes=2086 sha=CD09094C8BBC009366EC4E26682AFE40A5170245F0525351A70857C6C5480EFC
SAME CHECKSUMS.txt [dp-rans] bytes=2052 sha=3BCE954FBCAC62743FF850480C15009B4D12B6AC0357A001C629F98919EC7180
SAME CHECKSUMS.txt [sparse-rans] bytes=2115 sha=E75B126B2C64705192A673A07201027A8B3490EE7B8D324B8728200ED2EDBED9
SAME CHECKSUMS.txt [sparse-rans-l0] bytes=2115 sha=794E3B71C352ED4770A2EA79F632692BA4A848ED1B44CE6C9E564D404B97B18D
SAME CHECKSUMS.txt [sparse-channels] bytes=2115 sha=E75B126B2C64705192A673A07201027A8B3490EE7B8D324B8728200ED2EDBED9
SAME CHECKSUMS.txt [tcopy-rans] bytes=2118 sha=1A52AB51F7E9F3EC94AEC285EA0F4DA0B920735487643C8253D975089D67CA05
SAME CHECKSUMS.txt [tcopy-pnra] bytes=2118 sha=1A52AB51F7E9F3EC94AEC285EA0F4DA0B920735487643C8253D975089D67CA05
SAME CHECKSUMS.txt [mdl-rans] bytes=2026 sha=58D7EF4AF927BC6B647DFDA43CEAFF0304D4175AD83A77D289884204BB0A7BFF
SAME CHECKSUMS.txt [mdl-rans-l0] bytes=2026 sha=D3BB72C67AAE292F92F53A57AAD565F45E083D35E49671AF1F94A3D2D1447500
SAME CHECKSUMS.txt [mdl-rans-l001] bytes=2026 sha=58D7EF4AF927BC6B647DFDA43CEAFF0304D4175AD83A77D289884204BB0A7BFF
SAME CHECKSUMS.txt [shape-rans] bytes=2071 sha=2FB4ABE818D9AAC7F6889FF7331AE385701BF3824D2F27678A52069583FD645E
SAME CHECKSUMS.txt [shape-rans-l0] bytes=2071 sha=DDF9B6A3EAC704F3E20D331AA25271D37FC1571CEF9BD43267864FC13A4CBC95
SAME CHECKSUMS.txt [shape-ctxmap] bytes=2066 sha=8C6D70F85F5B686FC4680884AFE570379B4E1FD6DAA6178C9DA828DB73FFB0D9
SAME CHECKSUMS.txt [hotop-rans] bytes=2267 sha=C8325F7E97319B6FA2EA61A5FFE49963E08405DB83F8F50223E9917F44894BF6
SAME CHECKSUMS.txt [hotop-budget] bytes=2267 sha=F6140FA756EE6E9204676727C99B1928EB463F7BAC452D877A65EEA535E91900
SAME CHECKSUMS.txt [hotop-rlzp] bytes=2267 sha=C8325F7E97319B6FA2EA61A5FFE49963E08405DB83F8F50223E9917F44894BF6
INFO file-done CHECKSUMS.txt
SAME doc.md [default] bytes=1444 sha=C8601A182105BE7DCECB922A95FAC9A611903C4C4B3DF31AA8FAD18DCE874ACD
SAME doc.md [greedy-arith] bytes=1463 sha=B998087C7BC10BEFE61038DEEC82BFC6F672C103CDAF0ABCD181FE4521056843
SAME doc.md [dp-arith] bytes=1444 sha=C8601A182105BE7DCECB922A95FAC9A611903C4C4B3DF31AA8FAD18DCE874ACD
SAME doc.md [greedy-rans] bytes=1591 sha=8518C9D2BC2D2CE47E10C10D3BE336350B83D3BFDB01D55E2B936773AEE627CB
SAME doc.md [dp-rans] bytes=1553 sha=BCF4DBB3B4CD0261ADF9C58B81DD173B1D643B7575CFA7DBCEF91B51A6E38221
SAME doc.md [sparse-rans] bytes=1588 sha=F4828F33C020C53B47B08B5201F6167F6D4C444D3A98C544B04B5398E15ECC0E
SAME doc.md [sparse-rans-l0] bytes=1588 sha=F3A4995CB5C26C79CB58BD6D5DA7C481BC940285FC2932F2883A5D610532F7E3
SAME doc.md [sparse-channels] bytes=1588 sha=F4828F33C020C53B47B08B5201F6167F6D4C444D3A98C544B04B5398E15ECC0E
SAME doc.md [tcopy-rans] bytes=1591 sha=94508A8BE324899A6F75B8143F6BE6C6B960F2FC6412232F3D471A12846CDEFB
SAME doc.md [tcopy-pnra] bytes=1591 sha=94508A8BE324899A6F75B8143F6BE6C6B960F2FC6412232F3D471A12846CDEFB
SAME doc.md [mdl-rans] bytes=1514 sha=57EF44AB2E4A9FFF16FE0354C90BB390183C9351DA79F978EFA24072C6DEC6B7
SAME doc.md [mdl-rans-l0] bytes=1514 sha=FE00722F5F25A180795154BB1350A9297601BCFF234DD44E7EFCA04552866155
SAME doc.md [mdl-rans-l001] bytes=1514 sha=57EF44AB2E4A9FFF16FE0354C90BB390183C9351DA79F978EFA24072C6DEC6B7
SAME doc.md [shape-rans] bytes=1567 sha=8EC81F84076AB746203119F7D0FAD3829B63364E1CFFA61E7DCCD4A3290F676A
SAME doc.md [shape-rans-l0] bytes=1567 sha=F2E993641DEE2E273CF75F8DEA9FC7C79692F18B458DC06B9AA654BA0C8EA070
SAME doc.md [shape-ctxmap] bytes=1568 sha=B324254C3B00E0A8638D135C3802B1B230B67AD8BBE0C408A8A8FF539EE397FC
SAME doc.md [hotop-rans] bytes=1742 sha=274C0A4E57FC403840503B1A04EF6559E7552CCBDD2D23E23C77412B4EC78C00
SAME doc.md [hotop-budget] bytes=1742 sha=CAA2603F24C1AF248D17E9A2BBEDEE84908D34874AA0F7E35FE3BCF990B1B4BA
SAME doc.md [hotop-rlzp] bytes=1742 sha=274C0A4E57FC403840503B1A04EF6559E7552CCBDD2D23E23C77412B4EC78C00
INFO file-done doc.md
SAME generated.json [default] bytes=89158 sha=FC797FC70A427603610FF57E39BB8DCF563CCEFAACF78F86B14DC2A44B46C5D7
SAME generated.json [greedy-arith] bytes=144477 sha=243129D65ABC5C3C6D47DE456635F30CCC6A708F21804ED694346EB694CC6857
SAME generated.json [dp-arith] bytes=114299 sha=5266EB214A768FA4970F43A328AC8F942EEB56B8B44F7CCD4178A7071FDFB855
SAME generated.json [greedy-rans] bytes=128243 sha=F0B5DBDC917A7167939E5071E24BE5899CD3915AE9A352444DCA5FB7EE03CD03
SAME generated.json [dp-rans] bytes=101204 sha=C409FE68CBB476C810C5B81FEA1DE6C4FDB7103A0810329931160793557854AF
SAME generated.json [sparse-rans] bytes=120566 sha=C983B928A0711DAA3C3DA53BDF9AD866F7D8156612CB4D6FB9132464D825C7A7
SAME generated.json [sparse-rans-l0] bytes=120566 sha=5CD085DDDD34F59801D14692246A9C4A51AFBC18A0E3A7221CBC76144C8D09E9
SAME generated.json [sparse-channels] bytes=120933 sha=695D1E918AA32D0E7F8A6A6040A696C2A1265FFBBAB7CA3B47A964C1DBBAAB19
SAME generated.json [tcopy-rans] bytes=120578 sha=7A3F63FA88A8A549778CB497A8672C4929D363F9B729B8DCA7B90F946505DF6C
SAME generated.json [tcopy-pnra] bytes=120578 sha=7A3F63FA88A8A549778CB497A8672C4929D363F9B729B8DCA7B90F946505DF6C
SAME generated.json [mdl-rans] bytes=89589 sha=249D542BA621642AE916858C4B3222383B2177FCB5131B9F0274064BC811BA3A
SAME generated.json [mdl-rans-l0] bytes=89589 sha=8B0B3F75805A0D6E614F316455F13DF9633E39FA68C66493A819DA54ED7BF4FD
SAME generated.json [mdl-rans-l001] bytes=89589 sha=249D542BA621642AE916858C4B3222383B2177FCB5131B9F0274064BC811BA3A
SAME generated.json [shape-rans] bytes=92300 sha=73FC10E1FB913734A73A7859C67FF9E21E2467F9284D2C21F859EC42B30BB124
SAME generated.json [shape-rans-l0] bytes=92300 sha=DA1ECC42DD49A31D4BA97568B95CA964E86333C91DA9C5B4BF4BD0282D287729
SAME generated.json [shape-ctxmap] bytes=97401 sha=D1869B8E83708A894EAE700A4A292D7EE3A900C8BC5ECBF093EAC2DBA3C34F53
SAME generated.json [hotop-rans] bytes=121316 sha=243DC3C4AFAF8FF5DB5398274B628DBBB55E3BC7E3EF99BAAA0AA9E10DF008EF
SAME generated.json [hotop-budget] bytes=121316 sha=ACBAEC57697F414AF6DA0ED78F3F0D13C1D6A7D9FD425C86E7DFB383D9ADF495
SAME generated.json [hotop-rlzp] bytes=116271 sha=C1BBF50661A5EE726FFADF22354AD0911FC46EA901555A9E505A62B18B79273A
INFO file-done generated.json
SAME generated.jsonl [default] bytes=183506 sha=B1F0A30C32AD5E4A07EC1EDA776074E9F44A742168F4A77E7064DF9CFDE3ABA9
SAME generated.jsonl [greedy-arith] bytes=300551 sha=90BD8B1F2BD06C2ED75819C5976E3F79403E490C387C4C78D83C391E5325D88E
SAME generated.jsonl [dp-arith] bytes=245307 sha=9BEE3A45FFD82854A1D66EBB453A4399FA80BA8AB6DDDC8A2294CEC860801A29
SAME generated.jsonl [greedy-rans] bytes=275636 sha=26DA68E391AC99002F51D02694BFD592F6EFF3997770FA6D7AC709F092A6B403
SAME generated.jsonl [dp-rans] bytes=206130 sha=444FC544580BEC5AAED2788B03B49F95D925865C5B0C8EADCE48FDB1DCC9C2A0
SAME generated.jsonl [sparse-rans] bytes=221596 sha=DD29FEFFA14295302BEFC2A9B140EADC565912C2FCE500BB640A96B343FD251B
SAME generated.jsonl [sparse-rans-l0] bytes=221596 sha=96D3A192EF78E95B37F2EE7747B97F94909AD1CA220F5FF381B029DEDEAEEB05
SAME generated.jsonl [sparse-channels] bytes=224654 sha=EFCD9774D4E18B125237AD2CAD11611161ADA3084E602730F35CC2BBE67EE73D
SAME generated.jsonl [tcopy-rans] bytes=221629 sha=721ABAE531DE5294D322DE6ED7D1897D339F005793E72C923A6D29EF51AAC27E
SAME generated.jsonl [tcopy-pnra] bytes=221629 sha=721ABAE531DE5294D322DE6ED7D1897D339F005793E72C923A6D29EF51AAC27E
SAME generated.jsonl [mdl-rans] bytes=183506 sha=B1F0A30C32AD5E4A07EC1EDA776074E9F44A742168F4A77E7064DF9CFDE3ABA9
SAME generated.jsonl [mdl-rans-l0] bytes=183506 sha=498650B4A3254D5B58EABBF1811B1D23F3483B07178617EF782E76BBC6DEF347
SAME generated.jsonl [mdl-rans-l001] bytes=183506 sha=B1F0A30C32AD5E4A07EC1EDA776074E9F44A742168F4A77E7064DF9CFDE3ABA9
SAME generated.jsonl [shape-rans] bytes=195919 sha=64F2C51DA1925EB8B6A11C7AC48B4AA4DD3AE96815C395D6232052D5D05084F0
SAME generated.jsonl [shape-rans-l0] bytes=195919 sha=9643AAE993FBB170CB2A3D26A560326E05DE169CC2A2C9CB0A4A77AB96C30E97
SAME generated.jsonl [shape-ctxmap] bytes=215354 sha=C61CFA829752638D40A3E6C600A8CE2A429B8BB62EFB6556F72E70D7893D375C
SAME generated.jsonl [hotop-rans] bytes=222381 sha=51B8756F1954760024BE15D06940F5446CB41A10C5C3FCCC95955E8AFE4F846A
SAME generated.jsonl [hotop-budget] bytes=222381 sha=C94D59040DE562611A93046E8F04590F07B85FF9832E9635E19A93EC3AF22FCA
SAME generated.jsonl [hotop-rlzp] bytes=198457 sha=476C3F954CC33A2523B5C052A888D21049D725BB90F4A88589A9374A27707AAC
INFO file-done generated.jsonl
SAME generated.log [default] bytes=129739 sha=DD5ACF71B766F95756E7E457B1AE6106F01CE7044A9B69041351125D118FCAF2
SAME generated.log [greedy-arith] bytes=228992 sha=1A0F55A5A6EF98B5E20F23A876F54B4A90D14BDDDAC59D9AC65B894472FA395B
SAME generated.log [dp-arith] bytes=176442 sha=F8E450563B6017FD5A3EC7E8E3975A39DAD0B88E9F7D6338CA1F1175F183E82E
SAME generated.log [greedy-rans] bytes=188296 sha=1F262C359DEA558EDA0D8F97A7F6BB3747A63D51ACD6E279AD9557B4107E4DA4
SAME generated.log [dp-rans] bytes=148963 sha=3D470F01EF453828325884E056CFF735989AF44CD7A19918E068D8E593058C07
SAME generated.log [sparse-rans] bytes=175723 sha=C2F1E1ACB41C447C4D7593E95F2CBB52F06BE67B324B7A4C7BBD6BA101ABC252
SAME generated.log [sparse-rans-l0] bytes=175723 sha=4530BD2A1F933812617B8C458283289D487A5CC06951D42A8BFA9621B413DE67
SAME generated.log [sparse-channels] bytes=176676 sha=1BE5721EAEA4720014C31B97063468D88F08F170C6EE815E6F3BBE9DF1C8C575
SAME generated.log [tcopy-rans] bytes=175747 sha=661211D8927237ED2B7E08F3878B5956346D929F4FC851A65F479AEDF41342B7
SAME generated.log [tcopy-pnra] bytes=175747 sha=661211D8927237ED2B7E08F3878B5956346D929F4FC851A65F479AEDF41342B7
SAME generated.log [mdl-rans] bytes=132434 sha=6338A8C26B72C122DF84703585C2928481AEA30FD770661DB1547040E9C6BF18
SAME generated.log [mdl-rans-l0] bytes=132434 sha=575FE126A29BA776EEFA1356DB204EA4700E0E8BD647007EBAA52A67093F2D4D
SAME generated.log [mdl-rans-l001] bytes=132434 sha=6338A8C26B72C122DF84703585C2928481AEA30FD770661DB1547040E9C6BF18
SAME generated.log [shape-rans] bytes=129739 sha=DD5ACF71B766F95756E7E457B1AE6106F01CE7044A9B69041351125D118FCAF2
SAME generated.log [shape-rans-l0] bytes=129739 sha=32AB361C787788DD9BD987ECDDA416D46867A5612424CF21E81F47DE0AE8BE25
SAME generated.log [shape-ctxmap] bytes=153863 sha=8C35EEB2CD916A47A2A7B870F9BAB0A08EBD247EFDA2AEB57A15AE5B45FAC5EC
SAME generated.log [hotop-rans] bytes=175550 sha=157C8514BBF67DF5F8698C721C2F736A8C486449910D476B045A49AB51BCBC04
SAME generated.log [hotop-budget] bytes=175550 sha=EEAA72D807E7EF39CF50DBDDEE646571674A015379793015AD139CBF6CF65674
SAME generated.log [hotop-rlzp] bytes=157446 sha=08590D16265DC9E609E2237EF00D764B9EA8C56BE705EF983130EB806FE746DE
INFO file-done generated.log
SAME generated.repeat.jsonl [default] bytes=873 sha=EE39A68E41A0E03F982A3CCFDEC4D5B3340BDBCA7104A15BF86E3842708828B8
SAME generated.repeat.jsonl [greedy-arith] bytes=893 sha=7758E69145B6238988C678A74287FDE1A91CA76B2289F24BAD571831107F9D5E
SAME generated.repeat.jsonl [dp-arith] bytes=873 sha=EE39A68E41A0E03F982A3CCFDEC4D5B3340BDBCA7104A15BF86E3842708828B8
SAME generated.repeat.jsonl [greedy-rans] bytes=1148 sha=A241DCF49837161B1EB1DAC5C337B0F7CAAF9522D66AC7264FA1C60A8AF0F404
SAME generated.repeat.jsonl [dp-rans] bytes=1157 sha=5850295FF4A2E7956C150659423EDF5F516C1A7305F48D0C1AE4AB400F2F62C7
SAME generated.repeat.jsonl [sparse-rans] bytes=1182 sha=F73A3620426338C92BFCA83398E79780E2431CBEA13001B913A731BC4594CE8C
SAME generated.repeat.jsonl [sparse-rans-l0] bytes=1182 sha=F73A3620426338C92BFCA83398E79780E2431CBEA13001B913A731BC4594CE8C
SAME generated.repeat.jsonl [sparse-channels] bytes=1182 sha=F73A3620426338C92BFCA83398E79780E2431CBEA13001B913A731BC4594CE8C
SAME generated.repeat.jsonl [tcopy-rans] bytes=1194 sha=92CA4A3A491C1D3E82B235BBD257146F6C01A9BD581A249C3CD2FD0AFD978D69
SAME generated.repeat.jsonl [tcopy-pnra] bytes=1194 sha=92CA4A3A491C1D3E82B235BBD257146F6C01A9BD581A249C3CD2FD0AFD978D69
SAME generated.repeat.jsonl [mdl-rans] bytes=1148 sha=A241DCF49837161B1EB1DAC5C337B0F7CAAF9522D66AC7264FA1C60A8AF0F404
SAME generated.repeat.jsonl [mdl-rans-l0] bytes=1148 sha=A241DCF49837161B1EB1DAC5C337B0F7CAAF9522D66AC7264FA1C60A8AF0F404
SAME generated.repeat.jsonl [mdl-rans-l001] bytes=1148 sha=A241DCF49837161B1EB1DAC5C337B0F7CAAF9522D66AC7264FA1C60A8AF0F404
SAME generated.repeat.jsonl [shape-rans] bytes=1203 sha=41D1F6A57F1AC881969C3A9BB9472772966130404495F2A2127F5D08B66009BF
SAME generated.repeat.jsonl [shape-rans-l0] bytes=1203 sha=41D1F6A57F1AC881969C3A9BB9472772966130404495F2A2127F5D08B66009BF
SAME generated.repeat.jsonl [shape-ctxmap] bytes=1201 sha=A3D77077C71946D56B6048CE191793A4CA26CEEC002EECB9D2617E1FCCFE0742
SAME generated.repeat.jsonl [hotop-rans] bytes=1255 sha=2F0B9A70A878F41143ACA9C4AB4C7A0E720562EDFC46F088C2F9A7F2A92FBC86
SAME generated.repeat.jsonl [hotop-budget] bytes=1255 sha=2F0B9A70A878F41143ACA9C4AB4C7A0E720562EDFC46F088C2F9A7F2A92FBC86
SAME generated.repeat.jsonl [hotop-rlzp] bytes=1255 sha=2F0B9A70A878F41143ACA9C4AB4C7A0E720562EDFC46F088C2F9A7F2A92FBC86
INFO file-done generated.repeat.jsonl
SAME generated.sqlite [default] bytes=323014 sha=183C3A27A132704A443C09E6D24D3BFB42B23F9667B2857F6A58CA34E8D05BD3
SAME generated.sqlite [greedy-arith] bytes=413543 sha=16A31EFAB850B46215515930C0863B766EEABB0BD4F2823FBAFCF201FAB7CA52
SAME generated.sqlite [dp-arith] bytes=364054 sha=C1418C036AF92E7522B71AF4A16D4FFC54E2FE11B46379210E27EAF4E21D7BA5
SAME generated.sqlite [greedy-rans] bytes=391301 sha=F4316AC5377246B2C0161EB99D4380D219407B27F1586EEB5A0804440C16AC2D
SAME generated.sqlite [dp-rans] bytes=337413 sha=DFD46B977C258B596FB90DA33E00A4F1781D11AA0BA2EF394FDA1A0CE7D593AD
SAME generated.sqlite [sparse-rans] bytes=363364 sha=B15B5B5F16C0C8BD7B5C8AF8CF3AA8295FC0C152F140B48D7AC0902A736A38BA
SAME generated.sqlite [sparse-rans-l0] bytes=363364 sha=EB1DEF7A7C56AF73A582020AF10BD3D69ED151EE41F15FB0DA234A060537E499
SAME generated.sqlite [sparse-channels] bytes=367358 sha=F88882C70D641AA3202245CE920E84B074FB13D73F10BD7A86F155C16A0C384E
SAME generated.sqlite [tcopy-rans] bytes=363385 sha=05E82CFD0F120D5564F41E6E9A9C1F06FF929E3EBC6AE3F97C58A6C5229B2B5D
SAME generated.sqlite [tcopy-pnra] bytes=363385 sha=05E82CFD0F120D5564F41E6E9A9C1F06FF929E3EBC6AE3F97C58A6C5229B2B5D
SAME generated.sqlite [mdl-rans] bytes=323014 sha=183C3A27A132704A443C09E6D24D3BFB42B23F9667B2857F6A58CA34E8D05BD3
SAME generated.sqlite [mdl-rans-l0] bytes=323014 sha=B7D72F64261363B9878D5737A7AAFCFF37A499771E3DAA36D1DA8D9E6F639CF1
SAME generated.sqlite [mdl-rans-l001] bytes=323014 sha=183C3A27A132704A443C09E6D24D3BFB42B23F9667B2857F6A58CA34E8D05BD3
SAME generated.sqlite [shape-rans] bytes=358011 sha=BBD7C9C5604007499167187FAD5767B19FB3E4D1C550AD4E448C9DDF775F9DC0
SAME generated.sqlite [shape-rans-l0] bytes=358011 sha=0679019606BDE1B52C5CAF94EF609C46B4293E0BC2E9C5E43F447346017017D5
SAME generated.sqlite [shape-ctxmap] bytes=351752 sha=14EE0B3690EB781C2C07B817BF5EB865CECCF7838FD3EEABFEC64E1A2B8F7EDB
SAME generated.sqlite [hotop-rans] bytes=366019 sha=E09CAFAF4A2F6E2577872FBD4A0E1C043070993D15C2FC15B40003B7566A5421
SAME generated.sqlite [hotop-budget] bytes=366019 sha=876EAD52F4824F084BB7B9BBEADA85B0338F9A82BC053D1D30DECD26ABAA037E
SAME generated.sqlite [hotop-rlzp] bytes=363679 sha=72A7C289735294F0D9D86D654D8C256DA9981FC4D43B153B6123A95E0696112E
INFO file-done generated.sqlite
SAME pe-git.exe [default] bytes=2131578 sha=3C8E827574A98A6C146DB5D40DA8EBE0A00361217FFFD63D1F826C2215CE75CF
SAME pe-git.exe [greedy-arith] bytes=2315660 sha=18171A492B7A508CE5EE8DAC6DECA1BE66918E9AD72591F509DDB2CF4B5455B2
SAME pe-git.exe [dp-arith] bytes=2296015 sha=50CF6D794951614DF3E670413935AB99ED1A5A51414A2E496C100608C9F90092
SAME pe-git.exe [greedy-rans] bytes=2268291 sha=C46539B8E35E8ED30CC799939F11AC84B52F037A2FD175F81A8822F2DE9ED92F
SAME pe-git.exe [dp-rans] bytes=2249030 sha=5664A3577941C6CE351445797CD5C83F3A6CAAF7C17821CE7BEE486FEA0B0980
SAME pe-git.exe [sparse-rans] bytes=2298646 sha=9EEDA218F41CB502E7E665222B9C68E58A432E9518E0E1528FCBB1308F9475BC
SAME pe-git.exe [sparse-rans-l0] bytes=2298646 sha=D65756CCF543D7ED5720DC9969A9DCAAB1D3CEA7D05301F7CA8789FDB1844960
SAME pe-git.exe [sparse-channels] bytes=2299708 sha=6E65A8D6EA49C93F00A94BF723B0A030B7C1ECB65D886CEF7862B1E9C4B79FAB
SAME pe-git.exe [tcopy-rans] bytes=2295295 sha=6F8045284E64A864123A26E1BA570E3905BF5230D45D65AF382CD219144617DF
SAME pe-git.exe [tcopy-pnra] bytes=2287853 sha=09C65D6C4A74A93D51C59932CAA22F1F9F232301BD7B8A1A150ABF9E17E5DCE1
SAME pe-git.exe [mdl-rans] bytes=2175053 sha=D324F2819A78FB8A1707BA47BAE96721C799A46426BCE170C1A941AA5BD55DAB
SAME pe-git.exe [mdl-rans-l0] bytes=2175053 sha=93EC8A8BEF98758B0598A1B39DDD027DA90FFA318FFD36C87275FB77FE9C60AB
SAME pe-git.exe [mdl-rans-l001] bytes=2175053 sha=D324F2819A78FB8A1707BA47BAE96721C799A46426BCE170C1A941AA5BD55DAB
SAME pe-git.exe [shape-rans] bytes=2323184 sha=616515DDBB8872E1E9F57D54C028B51C1C1686F51BCA0B0DB5EEBB69F794AF48
SAME pe-git.exe [shape-rans-l0] bytes=2323184 sha=108CA3203A621D46F3C5D8B9D1494C34AAF6D87A53C9D0632648614ED807ACC0
SAME pe-git.exe [shape-ctxmap] bytes=2316312 sha=C16844301C9F16B63713A27F3937CACA761A5F4F3C6DED651A0295268B73C3D0
SAME pe-git.exe [hotop-rans] bytes=2408882 sha=4F3184E3D0948ECF03257EEC6714977FA3F53830B8EDCAE359457E46351D6E60
SAME pe-git.exe [hotop-budget] bytes=2408882 sha=975E6E6CBA3A48EA681B575EB827596729AC912FF073F1EF08A4B2E7719BA4C9
SAME pe-git.exe [hotop-rlzp] bytes=2351049 sha=EFEF143932EAB3A836FFFC4ED6122FB0E010C92C33AB688C69B3526EC4D7B699
INFO file-done pe-git.exe
SAME pe-ninja.exe [default] bytes=293296 sha=AD7EA1FF3E1A30DEDF2C72C1BED460C516A2DBC424073947E22CE5243EA6DB2F
SAME pe-ninja.exe [greedy-arith] bytes=315363 sha=337745168B0A04EB9CBFCEE73B48AC4F14FC28F2177BD70D4CA16DE6DA7A2D61
SAME pe-ninja.exe [dp-arith] bytes=311937 sha=D79CF8CC823717BDA9E448C5C1899375DCC4323BE389369E5FABBE037828F4D3
SAME pe-ninja.exe [greedy-rans] bytes=311409 sha=A954EB2804E40640AA730AB054CB46E5A06DBB52D4855817915BD8B1EE82874F
SAME pe-ninja.exe [dp-rans] bytes=308241 sha=954C562A2E67257716382FCC77EA160DC0D68156ABE48E8CBF1517A4FC6F29B8
SAME pe-ninja.exe [sparse-rans] bytes=312692 sha=4715A631ECE1F6C79DA5C49057B0D9280265D06EF1B253D484FE9D4ED50094BF
SAME pe-ninja.exe [sparse-rans-l0] bytes=312692 sha=89D32DB1F96CC248EAECA5849C4B565C7C2E7AF9CCC0A36460B3D0F3649089E3
SAME pe-ninja.exe [sparse-channels] bytes=313130 sha=0734969453D0A8681BBB6651DA1254B5254A143BBB470A94EDE9E6DF7FCD0790
SAME pe-ninja.exe [tcopy-rans] bytes=311702 sha=D52D4BFE90F46C2B9E219D5F7089E8A352231659056E3CD294712AE2A935216E
SAME pe-ninja.exe [tcopy-pnra] bytes=311069 sha=BDBD62A5E64C97EA4593CB721450268BD0588653250B5702A760EFD0BC80BDA2
SAME pe-ninja.exe [mdl-rans] bytes=300586 sha=5033AAFC4DD03ED4136254B29987DAD6854FDA5CB2A6C854CDB6D8EB0293C31E
SAME pe-ninja.exe [mdl-rans-l0] bytes=300586 sha=F031683B70EC8FDF14C6E2B7846BEB3D72DE0DDE21B03A223ECD07F426972614
SAME pe-ninja.exe [mdl-rans-l001] bytes=300586 sha=5033AAFC4DD03ED4136254B29987DAD6854FDA5CB2A6C854CDB6D8EB0293C31E
SAME pe-ninja.exe [shape-rans] bytes=313206 sha=293CB7AC2F1BE25D91E5D1A4596258D064830921CC116883EB08AE84EC0F5712
SAME pe-ninja.exe [shape-rans-l0] bytes=313206 sha=37448FC20FD50CB3A184774107A830B2B30BD34241D8289B62172DCCFC72D844
SAME pe-ninja.exe [shape-ctxmap] bytes=312994 sha=CC5D4432A35294A348C3A62E487F8B92899DD68E95EA2469919A0724A993B56E
SAME pe-ninja.exe [hotop-rans] bytes=323114 sha=286272F110546A62BC7E71F5C6A40481AD635EDAC74F78CFFD39018BBFD7AAB8
SAME pe-ninja.exe [hotop-budget] bytes=323114 sha=4E33385CD8D9CCA371DA9303D91F5381FE23A2A20C16268FCFE6AE9039B49F38
SAME pe-ninja.exe [hotop-rlzp] bytes=314870 sha=47147E62986AE4D942A7B0744B4167B2790D1C52190A0554FACA6F3B2098E8A5
INFO file-done pe-ninja.exe
SAME pe-notepad.exe [default] bytes=203424 sha=605A2D5C427AE94BA579DA5CF4344795198B8769359E0C6AC2D8C969F5B70F4B
SAME pe-notepad.exe [greedy-arith] bytes=210599 sha=05383A4058663ED938128A802C5CF9F46F5A0B9B3997D73A95F8C3CE0F2E4D8A
SAME pe-notepad.exe [dp-arith] bytes=209052 sha=4665DDD1DBCBB14170FC95E8520EC48DDD689AD8092B3B1D94C719AC6E4E6C17
SAME pe-notepad.exe [greedy-rans] bytes=210758 sha=3FA3E030F2893451833F5F6CF98555EAB9C96FD9FDD883AC77761223031B349F
SAME pe-notepad.exe [dp-rans] bytes=209754 sha=EC6955F1A3B54A13B745F7239A6D62057937A9A1192D56F191FB988084184CF3
SAME pe-notepad.exe [sparse-rans] bytes=213972 sha=6EC471BEA3FB97739EE9965FEB3A9D62988AF1002246084EC0383978810225C2
SAME pe-notepad.exe [sparse-rans-l0] bytes=213972 sha=6EC471BEA3FB97739EE9965FEB3A9D62988AF1002246084EC0383978810225C2
SAME pe-notepad.exe [sparse-channels] bytes=214108 sha=CD55B3B6FC7DD520614E06F15E49DADC3FCD02796C02C57DA212BA5136D7C629
SAME pe-notepad.exe [tcopy-rans] bytes=213505 sha=E6CAC67A6574ED41C4B67F621A07A7BDAF35D6F0088CA4FB55C58A545CF58AD2
SAME pe-notepad.exe [tcopy-pnra] bytes=213701 sha=88FDE6ADCB1F4ED5E669D058C9D741142CBE68BFCECB9242EB7D3641EF564EFC
SAME pe-notepad.exe [mdl-rans] bytes=207886 sha=7E8E53B1475085659E6233CA156A0E7A2A9D8003B330CFBF9A406628E30BFF69
SAME pe-notepad.exe [mdl-rans-l0] bytes=207886 sha=EB9F2184FC0D0A1C82DC42F3C7C6D19D385AF33E02B9F5434F43C6231598E60E
SAME pe-notepad.exe [mdl-rans-l001] bytes=207886 sha=7E8E53B1475085659E6233CA156A0E7A2A9D8003B330CFBF9A406628E30BFF69
SAME pe-notepad.exe [shape-rans] bytes=212674 sha=805501ECE6CE916BDF55A9F61A2E1BF403ED418B384E2D750A67B900B140EBF1
SAME pe-notepad.exe [shape-rans-l0] bytes=212674 sha=6CC5A78E54F1CD50574F6862FEE57CE77575BB88F25050FC5179E288BBE62679
SAME pe-notepad.exe [shape-ctxmap] bytes=212495 sha=56FC9CAA19EFF1E5862C3ECBB504E50A871155FA0DD65C180560207C80799034
SAME pe-notepad.exe [hotop-rans] bytes=218335 sha=1B3EB8F3D004B383230C13FE9FAC0AF57350A2C45513E0026ABD3737F5671C7C
SAME pe-notepad.exe [hotop-budget] bytes=218335 sha=94DB763A9ABFE27A63F14078930230D9EF33583DB470E782F9709BD3E49003D0
SAME pe-notepad.exe [hotop-rlzp] bytes=215124 sha=4CCB77C6C86C1EB59FC038E01C0E39E371D3F546F763F880BAB2AFAC54646CD4
INFO file-done pe-notepad.exe
SAME pe-python.exe [default] bytes=54220 sha=F4AD878BA8181C497598A5135580B444682E3EA7CB8F47EB47A0CD137CF9FB2F
SAME pe-python.exe [greedy-arith] bytes=54662 sha=A3C097CEF0EAB96A35AA303A25231BD442FD6853AC8E0EBBCC34E88FEA9AD2B1
SAME pe-python.exe [dp-arith] bytes=54659 sha=6821745FD8644E1E498A76D1EDF02C18FF3A58162307AF6ACF5F4B889F01D96A
SAME pe-python.exe [greedy-rans] bytes=55485 sha=4C71204808E4B142357C9FB3C84C80548666331C09AA23F4DAD9FF854BD3DEE9
SAME pe-python.exe [dp-rans] bytes=55520 sha=BE5B96D8BB1C4445EE47C32FD1BEB91EA93E0A9E58F1448DD49AF5D48FF3326D
SAME pe-python.exe [sparse-rans] bytes=58669 sha=0A99E02D47BE8938872AE63673DBE8D240A66866F96ED9712FE9CDE9E524A275
SAME pe-python.exe [sparse-rans-l0] bytes=58669 sha=0A99E02D47BE8938872AE63673DBE8D240A66866F96ED9712FE9CDE9E524A275
SAME pe-python.exe [sparse-channels] bytes=58994 sha=B18D55F8C179003871077B428BEA7B16503B7C50A24225D05FF025897E8F3D25
SAME pe-python.exe [tcopy-rans] bytes=58683 sha=3772029214FBA4532F47E5F49F5350EF5A6CD67B6595BB413531EA891B0F928A
SAME pe-python.exe [tcopy-pnra] bytes=58687 sha=0F142844A7A9E0567FB6936B5AE459D9ECBD68E46B9DCAECE48E7034D8DDDE02
SAME pe-python.exe [mdl-rans] bytes=55147 sha=3B5086E12813D330A6391636D5ABD00F4879D7A9D14E7C2913C283194B03B590
SAME pe-python.exe [mdl-rans-l0] bytes=55147 sha=0C12C90F5A7C6856B135282F93D00E543338E03D607CB26ECE109CC29CEF60F0
SAME pe-python.exe [mdl-rans-l001] bytes=55147 sha=3B5086E12813D330A6391636D5ABD00F4879D7A9D14E7C2913C283194B03B590
SAME pe-python.exe [shape-rans] bytes=55805 sha=4415E3FC8185805D9443F4751F544FA2BA8A83918396466DFAFF25F098502D64
SAME pe-python.exe [shape-rans-l0] bytes=55805 sha=5F5A5D855B0F2A2432D5B4B3090AF7955A883CBE7CF36A567AF3672B54FFD3E8
SAME pe-python.exe [shape-ctxmap] bytes=55878 sha=9D62771B9EF1C59E7E396D2DE8F3EE7D0B26DFCC157A39CCA2A34250590A467F
SAME pe-python.exe [hotop-rans] bytes=59503 sha=CF0E99ED4C57605AADB8229F54FFF4C322EEF96A4533CE0044F4AC96CC10253F
SAME pe-python.exe [hotop-budget] bytes=59503 sha=873B1464BD7BD3DA03F9E9F72A0DDFF3BBD70DF168B97152C111055FAF425633
SAME pe-python.exe [hotop-rlzp] bytes=58901 sha=B7D7E2DBE4536B8314AABB9C415531BAC34565C8BD9904959128B6C84CB39C3F
INFO file-done pe-python.exe
SAME pe-where.exe [default] bytes=22362 sha=9BA76D809EC72E3837DB6E8EA126AC9A6383E677E684D4E6F0AEC6FB67963568
SAME pe-where.exe [greedy-arith] bytes=23651 sha=A80DA6282C6C940370952F9D9A7B295E95345FD1115F3122A23DF62944663EF2
SAME pe-where.exe [dp-arith] bytes=23430 sha=57A1C50F17488CCBC3E25D0D09338F4E2A720EBA2B30B8889276A0FBBB3B9382
SAME pe-where.exe [greedy-rans] bytes=23860 sha=55811A2D823D882DCE9ECFBA7ADAF3F70A97F06F49DC5524BFFB222AA9FD0870
SAME pe-where.exe [dp-rans] bytes=23711 sha=4419459A5BCD94142E839EC4FA5AAC85106873C019F53350A9B67879342B067C
SAME pe-where.exe [sparse-rans] bytes=25287 sha=FC6D865DCCEE3E4A5CAFCB4AE91CFF112954298280DF1DED39BA72A5F48B0D6A
SAME pe-where.exe [sparse-rans-l0] bytes=25287 sha=FC6D865DCCEE3E4A5CAFCB4AE91CFF112954298280DF1DED39BA72A5F48B0D6A
SAME pe-where.exe [sparse-channels] bytes=25248 sha=1AED908F0F6F89A51B1E10F810603E6C7C1684ED3924A72B76D35879CA768A8B
SAME pe-where.exe [tcopy-rans] bytes=25227 sha=AB683FFC4164E44BA4D5357AA8110246E7045E8B4D6AEEEB8ACB5FB4009156F2
SAME pe-where.exe [tcopy-pnra] bytes=25195 sha=6A21A6762580E246B8F7C27EDF004E8DACB1E2FDCF7D62F9A8F334DCD9DA1144
SAME pe-where.exe [mdl-rans] bytes=22805 sha=C98ED9A7E9361962CE61D572408D19C8704E2A42A7F79ACA6B63A409F158A078
SAME pe-where.exe [mdl-rans-l0] bytes=22805 sha=1E8FE4B1A5CA33DEE6DEAE96E2BAE5CEC5C553BEEC6BFAAEB1CAD64AA392C357
SAME pe-where.exe [mdl-rans-l001] bytes=22805 sha=C98ED9A7E9361962CE61D572408D19C8704E2A42A7F79ACA6B63A409F158A078
SAME pe-where.exe [shape-rans] bytes=23676 sha=91243A30BFF98A931ABA26BB5E18CFEE3D77E8471088FDF91C894A8F3E7B7772
SAME pe-where.exe [shape-rans-l0] bytes=23676 sha=408545CC69CB7DE7A71B5FCF9AC011D86DFAC55AE80A1E9F008EDE1EFE07C55C
SAME pe-where.exe [shape-ctxmap] bytes=23648 sha=F4B16C32FBCBA2EE7A177B4FBB5E5CFDCA929F3EF54E37B74D60C248BE60A8B7
SAME pe-where.exe [hotop-rans] bytes=26060 sha=A499F6B6A3E40549D84108661E61F664C14A2DB88FB55038C724A9174C3CFA0E
SAME pe-where.exe [hotop-budget] bytes=26060 sha=C0AC1F0DBB8A9FCED86FBF9F743AE298915716AFF56ADAE2870E9063151FCDBB
SAME pe-where.exe [hotop-rlzp] bytes=25479 sha=DEBFB754E941A14A793E01F22E4593715FEB79E59A0E15BE4D93884D255CB1C2
INFO file-done pe-where.exe
SAME pe-winver.exe [default] bytes=5587 sha=C6FA01BCA4053983116B454945E2A1E314A893B0324F93DF48A6E5C6851882ED
SAME pe-winver.exe [greedy-arith] bytes=5700 sha=24FCF6E9E697B1C5B2BEA4C9F783AE3516165D5179583689DDA12DF7C59FC2BF
SAME pe-winver.exe [dp-arith] bytes=5606 sha=3C848CABD56688CB9D72D01ACD63402ADB08159CAA79BE562BD17CAC13808CF0
SAME pe-winver.exe [greedy-rans] bytes=6044 sha=370862E846670B413D0FCAF7BCED5153D1F736B3EA93E098DCF4457D3DA87793
SAME pe-winver.exe [dp-rans] bytes=5969 sha=4A9A412F210244A0130198E87CDEC211333D56237E2BBEDDFD65AB040DDBF957
SAME pe-winver.exe [sparse-rans] bytes=6835 sha=5BCFC836A796F8C6C9384FE2A04642898DCB228FCFF25B6B69E5CD4498AEFFD1
SAME pe-winver.exe [sparse-rans-l0] bytes=6835 sha=5BCFC836A796F8C6C9384FE2A04642898DCB228FCFF25B6B69E5CD4498AEFFD1
SAME pe-winver.exe [sparse-channels] bytes=6871 sha=1DE17C3D0CC37ECD3D87C0FE9D21BD0FA72E4CBF231A2C953B7AF1E9A26F9255
SAME pe-winver.exe [tcopy-rans] bytes=6844 sha=AB1E52F1009FAA04CECF9AB3DE691B307F8AD9F3AF03A5F99E233EC614850ABC
SAME pe-winver.exe [tcopy-pnra] bytes=6854 sha=780E5850EB3F07064962A366C1C91BC134750D8C6AC402AE7CB2951F5424394D
SAME pe-winver.exe [mdl-rans] bytes=5762 sha=D94C8F256D880FB5C6D364F51ACE1D26619D2F352AB86D170AF46F688CD03D01
SAME pe-winver.exe [mdl-rans-l0] bytes=5762 sha=7E0308568132034501699AA44787974889B59FEE3B3390A9F280E383337CC9A8
SAME pe-winver.exe [mdl-rans-l001] bytes=5762 sha=D94C8F256D880FB5C6D364F51ACE1D26619D2F352AB86D170AF46F688CD03D01
SAME pe-winver.exe [shape-rans] bytes=5938 sha=BA7A003337FBC7E314928F994221C2704E80CB7F45C2EAFF9CA1EE0B7BC9A6C8
SAME pe-winver.exe [shape-rans-l0] bytes=5938 sha=D7F03DEC6E44190B44B709E0F440287213A0799F5B2E5C5F2594C3F30DE592AA
SAME pe-winver.exe [shape-ctxmap] bytes=5924 sha=841038E294879AF792C535E8882F2BAE5950A8D7CEC7281498F5685E83FA29F2
SAME pe-winver.exe [hotop-rans] bytes=7172 sha=CCA0F25CDE157F45D11E462C35194506AA01DA9D46D0DCEE206D18F59BE5BA82
SAME pe-winver.exe [hotop-budget] bytes=7172 sha=DF339D071BB2DE34FDD3313DA3194CA21DBAA904E9F0F83984B2ADFA9EFE18B8
SAME pe-winver.exe [hotop-rlzp] bytes=6947 sha=881A11E56F64E6A70ADCCA8699B1E21A353FC4DF8A59FDACB4C3664D5599ACFA
INFO file-done pe-winver.exe
SAME random.bin [default] bytes=262166 sha=B2B5A9665342637E8331695EFAE07C3BF46AA903C351B35098FB4C9F8ED990E2
SAME random.bin [greedy-arith] bytes=262166 sha=B2B5A9665342637E8331695EFAE07C3BF46AA903C351B35098FB4C9F8ED990E2
SAME random.bin [dp-arith] bytes=262166 sha=B2B5A9665342637E8331695EFAE07C3BF46AA903C351B35098FB4C9F8ED990E2
SAME random.bin [greedy-rans] bytes=262166 sha=B2B5A9665342637E8331695EFAE07C3BF46AA903C351B35098FB4C9F8ED990E2
SAME random.bin [dp-rans] bytes=262166 sha=B2B5A9665342637E8331695EFAE07C3BF46AA903C351B35098FB4C9F8ED990E2
SAME random.bin [sparse-rans] bytes=262166 sha=B2B5A9665342637E8331695EFAE07C3BF46AA903C351B35098FB4C9F8ED990E2
SAME random.bin [sparse-rans-l0] bytes=262166 sha=B2B5A9665342637E8331695EFAE07C3BF46AA903C351B35098FB4C9F8ED990E2
SAME random.bin [sparse-channels] bytes=262166 sha=B2B5A9665342637E8331695EFAE07C3BF46AA903C351B35098FB4C9F8ED990E2
SAME random.bin [tcopy-rans] bytes=262166 sha=B2B5A9665342637E8331695EFAE07C3BF46AA903C351B35098FB4C9F8ED990E2
SAME random.bin [tcopy-pnra] bytes=262166 sha=B2B5A9665342637E8331695EFAE07C3BF46AA903C351B35098FB4C9F8ED990E2
SAME random.bin [mdl-rans] bytes=262166 sha=B2B5A9665342637E8331695EFAE07C3BF46AA903C351B35098FB4C9F8ED990E2
SAME random.bin [mdl-rans-l0] bytes=262166 sha=B2B5A9665342637E8331695EFAE07C3BF46AA903C351B35098FB4C9F8ED990E2
SAME random.bin [mdl-rans-l001] bytes=262166 sha=B2B5A9665342637E8331695EFAE07C3BF46AA903C351B35098FB4C9F8ED990E2
SAME random.bin [shape-rans] bytes=262166 sha=B2B5A9665342637E8331695EFAE07C3BF46AA903C351B35098FB4C9F8ED990E2
SAME random.bin [shape-rans-l0] bytes=262166 sha=B2B5A9665342637E8331695EFAE07C3BF46AA903C351B35098FB4C9F8ED990E2
SAME random.bin [shape-ctxmap] bytes=262166 sha=B2B5A9665342637E8331695EFAE07C3BF46AA903C351B35098FB4C9F8ED990E2
SAME random.bin [hotop-rans] bytes=262166 sha=B2B5A9665342637E8331695EFAE07C3BF46AA903C351B35098FB4C9F8ED990E2
SAME random.bin [hotop-budget] bytes=262166 sha=B2B5A9665342637E8331695EFAE07C3BF46AA903C351B35098FB4C9F8ED990E2
SAME random.bin [hotop-rlzp] bytes=262166 sha=B2B5A9665342637E8331695EFAE07C3BF46AA903C351B35098FB4C9F8ED990E2
INFO file-done random.bin
SAME README.md [default] bytes=7615 sha=E9ECAFAAF55AFF718A489F215680394FE408BD5B2C032435AF32F66436BB0A77
SAME README.md [greedy-arith] bytes=7741 sha=62C2AD6DFF85E3D752A94D378074D3DE9C9F31A06C1EE9B45FE2E6F7522CD7AB
SAME README.md [dp-arith] bytes=7711 sha=3CC45709470543F3AF543F6700A10E6D0BC867A8F9F7EB2066DF314A71B36C40
SAME README.md [greedy-rans] bytes=7929 sha=4EAADBF64A1DD222D58E005F3C3BA05925E5D9CB428773C64202B0A0693EDFDA
SAME README.md [dp-rans] bytes=7891 sha=119FD29C62F98E9368C30558A957358398BDC21809533EFA5BDA83A394C0D92D
SAME README.md [sparse-rans] bytes=8131 sha=CF1F183FF11439F0DB67FD80A98F44201701393EC707FA7300B206FE5698CAE8
SAME README.md [sparse-rans-l0] bytes=8131 sha=CF1F183FF11439F0DB67FD80A98F44201701393EC707FA7300B206FE5698CAE8
SAME README.md [sparse-channels] bytes=8131 sha=CF1F183FF11439F0DB67FD80A98F44201701393EC707FA7300B206FE5698CAE8
SAME README.md [tcopy-rans] bytes=8134 sha=FD9475F5AA8E4FD5AA8BC4AABA62D56B7FBAD20BE4BC4FB88DFE3B8F292DB530
SAME README.md [tcopy-pnra] bytes=8134 sha=FD9475F5AA8E4FD5AA8BC4AABA62D56B7FBAD20BE4BC4FB88DFE3B8F292DB530
SAME README.md [mdl-rans] bytes=7640 sha=D80BE1F84FDECD564141EB38D6CD165ABDFB988384C30F33BE5B85E9EE0C151D
SAME README.md [mdl-rans-l0] bytes=7640 sha=A3F08123337117063F40714B0388EEB3447A673C68E03B42856F6E73F83B7243
SAME README.md [mdl-rans-l001] bytes=7640 sha=D80BE1F84FDECD564141EB38D6CD165ABDFB988384C30F33BE5B85E9EE0C151D
SAME README.md [shape-rans] bytes=7850 sha=920B894909D31D54E75E7EE063C641A71B75C0299F231AE422CCE8222F3406DF
SAME README.md [shape-rans-l0] bytes=7850 sha=9D6403BBD9D1CE709AA7A453E5B6DAF71573EE6006301B5B4473557932F642B5
SAME README.md [shape-ctxmap] bytes=7834 sha=32478598EC2CEA1346E94F3049BC86B2050DC84B21462CC89EE41C2B1FC58271
SAME README.md [hotop-rans] bytes=8461 sha=A2030CDE4725C5ED8298C71C77153DD95CEFC68EB9A1751D17464732C24EC035
SAME README.md [hotop-budget] bytes=8461 sha=D08AA14AC91175751FE87B25F09BFE1483B88EB7E7D3EE10471C151056DB22A0
SAME README.md [hotop-rlzp] bytes=8461 sha=A2030CDE4725C5ED8298C71C77153DD95CEFC68EB9A1751D17464732C24EC035
INFO file-done README.md
SAME src.cpp [default] bytes=9349 sha=7C27B0CE4F3CA74384B57CBCE07D5B5BFBCD0B7F88ADBBBFEBD917D984163A85
SAME src.cpp [greedy-arith] bytes=9590 sha=D66514BAC07D606BEC3A5BB776348643452DE3F3CD0DC2E9D2F50470D597C636
SAME src.cpp [dp-arith] bytes=9483 sha=5DB2520172DE8AC7FB85C8027CD581F7649962935BC91E8FD77AD9A409B686E7
SAME src.cpp [greedy-rans] bytes=9863 sha=4A9CC9C0BC81773FD408C04843C66779B133F302077904349AA17171563D74EA
SAME src.cpp [dp-rans] bytes=9706 sha=5CEAF820B939FAC5EE37FE3F19661C7F8EE4C21462DCCFDEF0A404620F4C5842
SAME src.cpp [sparse-rans] bytes=10645 sha=64BE72E2AA8B218C689294031A66B49AAAD10297372A6DA67B8758F9821AC0EF
SAME src.cpp [sparse-rans-l0] bytes=10645 sha=64BE72E2AA8B218C689294031A66B49AAAD10297372A6DA67B8758F9821AC0EF
SAME src.cpp [sparse-channels] bytes=10656 sha=CBEB42A1610E2E577FAD530C5649253F87DF705E4DBA53108EC55A721F659BD1
SAME src.cpp [tcopy-rans] bytes=10648 sha=6351105D020DC55D9AE443EDC4785CA939BBFA842D860EDA72C29D6F4F31C091
SAME src.cpp [tcopy-pnra] bytes=10648 sha=6351105D020DC55D9AE443EDC4785CA939BBFA842D860EDA72C29D6F4F31C091
SAME src.cpp [mdl-rans] bytes=9491 sha=DFD21DD526B708B323C880EE6CE10D465C30FC7DEC5FFBF00B25994C012620AF
SAME src.cpp [mdl-rans-l0] bytes=9491 sha=D760C14ADD632968A8AB103FD8691F0B28CA6AEA4B9BCAE74B3A8A4A11BBA8FB
SAME src.cpp [mdl-rans-l001] bytes=9491 sha=DFD21DD526B708B323C880EE6CE10D465C30FC7DEC5FFBF00B25994C012620AF
SAME src.cpp [shape-rans] bytes=10126 sha=E77CF2F601B167527323EC21AC3971CAC7D7C13FA9E5C732877702E718DA052F
SAME src.cpp [shape-rans-l0] bytes=10126 sha=D10A25E5ECBA9DBF2F577C892532FAF6DBCD27A74A678D4F365BFF55A7473BCB
SAME src.cpp [shape-ctxmap] bytes=10073 sha=F0521D5EA0C007D505F72E2F7FB13C6139DFD42886AB61406B2E0B6DA3DA29CF
SAME src.cpp [hotop-rans] bytes=11303 sha=FF8B560FF7348A2854C26F6698F68361DB1A5193BD5EC95530EEE436E1661022
SAME src.cpp [hotop-budget] bytes=11303 sha=D352267A05D1797D01D84A399A8C8C4BC111C590B58D259BC11CA7555147DBF9
SAME src.cpp [hotop-rlzp] bytes=11303 sha=FF8B560FF7348A2854C26F6698F68361DB1A5193BD5EC95530EEE436E1661022
INFO file-done src.cpp
SAME synth-arith.bin [default] bytes=256022 sha=2A1E30EE6D8B41EB9FD0F8AA4CD1A0A5D96E718CB20D4DACB059BDC227C66C97
SAME synth-arith.bin [greedy-arith] bytes=256022 sha=2A1E30EE6D8B41EB9FD0F8AA4CD1A0A5D96E718CB20D4DACB059BDC227C66C97
SAME synth-arith.bin [dp-arith] bytes=256022 sha=2A1E30EE6D8B41EB9FD0F8AA4CD1A0A5D96E718CB20D4DACB059BDC227C66C97
SAME synth-arith.bin [greedy-rans] bytes=256022 sha=2A1E30EE6D8B41EB9FD0F8AA4CD1A0A5D96E718CB20D4DACB059BDC227C66C97
SAME synth-arith.bin [dp-rans] bytes=256022 sha=2A1E30EE6D8B41EB9FD0F8AA4CD1A0A5D96E718CB20D4DACB059BDC227C66C97
SAME synth-arith.bin [sparse-rans] bytes=256022 sha=2A1E30EE6D8B41EB9FD0F8AA4CD1A0A5D96E718CB20D4DACB059BDC227C66C97
SAME synth-arith.bin [sparse-rans-l0] bytes=256022 sha=2A1E30EE6D8B41EB9FD0F8AA4CD1A0A5D96E718CB20D4DACB059BDC227C66C97
SAME synth-arith.bin [sparse-channels] bytes=256022 sha=2A1E30EE6D8B41EB9FD0F8AA4CD1A0A5D96E718CB20D4DACB059BDC227C66C97
SAME synth-arith.bin [tcopy-rans] bytes=256022 sha=2A1E30EE6D8B41EB9FD0F8AA4CD1A0A5D96E718CB20D4DACB059BDC227C66C97
SAME synth-arith.bin [tcopy-pnra] bytes=256022 sha=2A1E30EE6D8B41EB9FD0F8AA4CD1A0A5D96E718CB20D4DACB059BDC227C66C97
SAME synth-arith.bin [mdl-rans] bytes=256022 sha=2A1E30EE6D8B41EB9FD0F8AA4CD1A0A5D96E718CB20D4DACB059BDC227C66C97
SAME synth-arith.bin [mdl-rans-l0] bytes=256022 sha=2A1E30EE6D8B41EB9FD0F8AA4CD1A0A5D96E718CB20D4DACB059BDC227C66C97
SAME synth-arith.bin [mdl-rans-l001] bytes=256022 sha=2A1E30EE6D8B41EB9FD0F8AA4CD1A0A5D96E718CB20D4DACB059BDC227C66C97
SAME synth-arith.bin [shape-rans] bytes=256022 sha=2A1E30EE6D8B41EB9FD0F8AA4CD1A0A5D96E718CB20D4DACB059BDC227C66C97
SAME synth-arith.bin [shape-rans-l0] bytes=256022 sha=2A1E30EE6D8B41EB9FD0F8AA4CD1A0A5D96E718CB20D4DACB059BDC227C66C97
SAME synth-arith.bin [shape-ctxmap] bytes=256022 sha=2A1E30EE6D8B41EB9FD0F8AA4CD1A0A5D96E718CB20D4DACB059BDC227C66C97
SAME synth-arith.bin [hotop-rans] bytes=256022 sha=2A1E30EE6D8B41EB9FD0F8AA4CD1A0A5D96E718CB20D4DACB059BDC227C66C97
SAME synth-arith.bin [hotop-budget] bytes=256022 sha=2A1E30EE6D8B41EB9FD0F8AA4CD1A0A5D96E718CB20D4DACB059BDC227C66C97
SAME synth-arith.bin [hotop-rlzp] bytes=256022 sha=2A1E30EE6D8B41EB9FD0F8AA4CD1A0A5D96E718CB20D4DACB059BDC227C66C97
INFO file-done synth-arith.bin
SAME synth-columnar-align.bin [default] bytes=118089 sha=1F7134C2541A1BFBB1527D50659534152654020DEE5A628E75846F765CB78BE9
SAME synth-columnar-align.bin [greedy-arith] bytes=170899 sha=098E8429C7F2458E19287C6F82300760B3D2A504F5034BAE0BA02DB6E59FBBC2
SAME synth-columnar-align.bin [dp-arith] bytes=175461 sha=63F097C2BE302A763C7F3506532E9D23D5F960999DAA4F702D14B1FCE6897162
SAME synth-columnar-align.bin [greedy-rans] bytes=158441 sha=21F13750677F31DE74C4900E2A098D071A34C81DB676F419049CB59D7B0A573A
SAME synth-columnar-align.bin [dp-rans] bytes=167016 sha=B57AA8F66F9007EAD20051887D7CAB973789C0D6CD7D3598223842A6379AB530
SAME synth-columnar-align.bin [sparse-rans] bytes=118089 sha=1F7134C2541A1BFBB1527D50659534152654020DEE5A628E75846F765CB78BE9
SAME synth-columnar-align.bin [sparse-rans-l0] bytes=118089 sha=1F7134C2541A1BFBB1527D50659534152654020DEE5A628E75846F765CB78BE9
SAME synth-columnar-align.bin [sparse-channels] bytes=117899 sha=9080879A7002612B8B36462E170D82E2EC135EE517C28AC70A6E5F48048196BB
SAME synth-columnar-align.bin [tcopy-rans] bytes=118095 sha=789F10B2F06F48B6B5B64B0F5089AC80BD8BBBF7A37EE2283F95CDFBF3DC09AA
SAME synth-columnar-align.bin [tcopy-pnra] bytes=118095 sha=789F10B2F06F48B6B5B64B0F5089AC80BD8BBBF7A37EE2283F95CDFBF3DC09AA
SAME synth-columnar-align.bin [mdl-rans] bytes=158441 sha=21F13750677F31DE74C4900E2A098D071A34C81DB676F419049CB59D7B0A573A
SAME synth-columnar-align.bin [mdl-rans-l0] bytes=158441 sha=4582986C761D881929AF46CA2BD4AF044CBBA87F1A857A0C7EEC0584A6ECBB32
SAME synth-columnar-align.bin [mdl-rans-l001] bytes=158441 sha=21F13750677F31DE74C4900E2A098D071A34C81DB676F419049CB59D7B0A573A
SAME synth-columnar-align.bin [shape-rans] bytes=118242 sha=BCFC2C0D5D5C4FAB337B2CD312E4E57692962E1D4F7822713463C6F15CFC9B2C
SAME synth-columnar-align.bin [shape-rans-l0] bytes=118242 sha=0B34707FD01C6269BD46E667FFD91F8FBA1178A7F113ACB1757EE3E66793873B
SAME synth-columnar-align.bin [shape-ctxmap] bytes=118292 sha=BC8E687FC18151E126237674BAD1B7530A7BF8FA8B3F16A7D8CF180CE7B91E72
SAME synth-columnar-align.bin [hotop-rans] bytes=118323 sha=550296ABE7BBB87DFD5E3751B9CEBF9FF4945335FB2D72ADE8C21F17DA0CD9C6
SAME synth-columnar-align.bin [hotop-budget] bytes=118323 sha=95F53DAA6AC84DCED745A5798DC5A059E833324DA7C4004128AD2B1D7334DB83
SAME synth-columnar-align.bin [hotop-rlzp] bytes=101483 sha=A4D30252D527AC2CB6E7B0E65F529C2E17FDC30BE8674AE6C2687AC3AC88E7D6
INFO file-done synth-columnar-align.bin
SAME synth-counters.log [default] bytes=127048 sha=77976E432FE26840E425228AFF4E8455CAE75F17ABA8229DD584C64296E6F030
SAME synth-counters.log [greedy-arith] bytes=210232 sha=1EF0020616E1525B2C54BE89A740770EF27C1BA0BA105772794533FC76DE2288
SAME synth-counters.log [dp-arith] bytes=159030 sha=03423701D52C9B36C341552A98E32FEAFE99FE7AF0925874AC59CDEDBA36F883
SAME synth-counters.log [greedy-rans] bytes=164079 sha=4CCED853C42C62BF7EF7692F86D047418BA41CB741A3A33E4532866480248CAB
SAME synth-counters.log [dp-rans] bytes=127559 sha=A08896BFB9B8953A2B609418401DBBFB921DD1BDF73A8FBA565206FFF08BE7D1
SAME synth-counters.log [sparse-rans] bytes=144144 sha=039A15BA26DF3B5A405B6437E00740CC785BB352C72212C0BA420C23393E249C
SAME synth-counters.log [sparse-rans-l0] bytes=144144 sha=A27FE8D217748AF233CF4A005C4FD609F10BF3792C201E38AD202F0F229B2DF4
SAME synth-counters.log [sparse-channels] bytes=144530 sha=5274E4672E36BF07F2C2AB6A0646855F784DC4A4E1880AABEB1BED9470E0E555
SAME synth-counters.log [tcopy-rans] bytes=144159 sha=A228D54737EBE78EB7B11A2018707066215D15566D80599F118F324A1A79FE13
SAME synth-counters.log [tcopy-pnra] bytes=144159 sha=A228D54737EBE78EB7B11A2018707066215D15566D80599F118F324A1A79FE13
SAME synth-counters.log [mdl-rans] bytes=130537 sha=7F61A2DD0ADB929C1177ACD316035C8786C3FEB021D61D833D7A636522A3DAC4
SAME synth-counters.log [mdl-rans-l0] bytes=130537 sha=AD4B6EE502CA49BD83347AC4B00FB050E62BDDD39123EC3284E07B95A11BAC85
SAME synth-counters.log [mdl-rans-l001] bytes=130537 sha=7F61A2DD0ADB929C1177ACD316035C8786C3FEB021D61D833D7A636522A3DAC4
SAME synth-counters.log [shape-rans] bytes=143552 sha=C7475705F440AE489BD7E6099E35FAE12CE5243DE2F14E2E376935935B623036
SAME synth-counters.log [shape-rans-l0] bytes=143552 sha=99221F0E9242CCEEB3A027907C43C81BFBD13A1DEAECCAF37C912CAC1CD5E89D
SAME synth-counters.log [shape-ctxmap] bytes=143711 sha=DB5944E00C6918264F415C0BFAC6CA05BFEDC1649F8CA18CB8A4B4E14BD95DA6
SAME synth-counters.log [hotop-rans] bytes=144257 sha=A25BD54C6EF200DE8A2DFFC22C04D76FB5E3BF2F932FDA75650CF5EDBD32E7EF
SAME synth-counters.log [hotop-budget] bytes=144257 sha=1A1F785C08702127FE1FEF477C56B6523DE45169B7394CC2E14A7C7958B92180
SAME synth-counters.log [hotop-rlzp] bytes=116797 sha=696B10F552AAA4222D8C90802EB0FB653E8731FEC84B6AD8A61E5B883A45D3C7
INFO file-done synth-counters.log
SAME synth-drift-stride.bin [default] bytes=143950 sha=2A159965379BF09557291D74BA65D8BCCA65DFD532986E47A3AAB2BB19103145
SAME synth-drift-stride.bin [greedy-arith] bytes=168129 sha=A4C7115D6B81BCB4A10D9D079C950212BBBB42A5A7AD0D5FD1106D401AEF0706
SAME synth-drift-stride.bin [dp-arith] bytes=171243 sha=BF3AD07CB70FDFBF854644A73C125DB7F09A7ABFC18F477C438B5C7F0184F2DB
SAME synth-drift-stride.bin [greedy-rans] bytes=145494 sha=4B9B45F8A6F5A22FE8C2AAB2B27DFA4E34050E245EF810214966D03C1F68EA5A
SAME synth-drift-stride.bin [dp-rans] bytes=144290 sha=73AA33FB05584FF82AE752020F3A6F24A9A4ABA2BF6EB4954A85F984AB3C496B
SAME synth-drift-stride.bin [sparse-rans] bytes=152062 sha=41373BDE27E2D5B3144A1F339C1B05D8666624E1E599A27409C7A0FD9CB34B8F
SAME synth-drift-stride.bin [sparse-rans-l0] bytes=152062 sha=41373BDE27E2D5B3144A1F339C1B05D8666624E1E599A27409C7A0FD9CB34B8F
SAME synth-drift-stride.bin [sparse-channels] bytes=151954 sha=0C5DC5B006EF04A295E0278CF3D3DEF1EE2B33E21CC2D88DE3FAF63F3E7B852D
SAME synth-drift-stride.bin [tcopy-rans] bytes=152071 sha=2E31F6A59966B63EA29F8A040CD2EA144459DCFFF38A1BF860070AFAB14211F2
SAME synth-drift-stride.bin [tcopy-pnra] bytes=152071 sha=2E31F6A59966B63EA29F8A040CD2EA144459DCFFF38A1BF860070AFAB14211F2
SAME synth-drift-stride.bin [mdl-rans] bytes=145494 sha=4B9B45F8A6F5A22FE8C2AAB2B27DFA4E34050E245EF810214966D03C1F68EA5A
SAME synth-drift-stride.bin [mdl-rans-l0] bytes=145494 sha=3832F2F5C9FD6AC526718FE897A656656A01B13430349D5DD2DC304F2891F093
SAME synth-drift-stride.bin [mdl-rans-l001] bytes=145494 sha=4B9B45F8A6F5A22FE8C2AAB2B27DFA4E34050E245EF810214966D03C1F68EA5A
SAME synth-drift-stride.bin [shape-rans] bytes=151630 sha=15A85941F3C0CDC5377C96C37F60A266B10A7DFC6E93B144043778CCA2943FAC
SAME synth-drift-stride.bin [shape-rans-l0] bytes=151630 sha=3D93385BEFC19AB198765913220C4BF4D25471D74EF08CC5BE6CB5BEBB544310
SAME synth-drift-stride.bin [shape-ctxmap] bytes=153981 sha=6716A2059113E023D3FF9385751021ED34289E704BB7883F575DE0A089BA2F9B
SAME synth-drift-stride.bin [hotop-rans] bytes=151677 sha=2413C8F14E06A70CAF7896956B2E9C2625A460D3828356EE1F66F8CEC591B379
SAME synth-drift-stride.bin [hotop-budget] bytes=151677 sha=B217D1734C4B80B7D580C4A0907D46D09ED5C91259E4D3A5D07653F8F11C2EEA
SAME synth-drift-stride.bin [hotop-rlzp] bytes=108361 sha=93FF47FC77D6B8110CAA47682FC5BFFF7E8F6B2AB2A44926721DD4188A43C09F
INFO file-done synth-drift-stride.bin
SAME synth-jitter.bin [default] bytes=86828 sha=5B414F7BF27C1A15FC8B8721E68495B51C4B06E137F41C661A345D087439D838
SAME synth-jitter.bin [greedy-arith] bytes=103300 sha=B4DD4021141837D597768519D01063DD7185BAE8BF01EE41985D4164375A7D94
SAME synth-jitter.bin [dp-arith] bytes=96752 sha=310F619D64C1625D56EDC29E6760EDA3547C8A2AA32D21563A2E6F5DE655B984
SAME synth-jitter.bin [greedy-rans] bytes=99833 sha=F75465E19D912CFC8ED3377FC5CD4B7B1F0761D3C4115680E568CBDE9C72F0F5
SAME synth-jitter.bin [dp-rans] bytes=94669 sha=9935FF7F3A6C0814FDBFD0C1BB3DB68F612DDE810FDFE47400120F03D1188090
SAME synth-jitter.bin [sparse-rans] bytes=97384 sha=B0978DCC5681A8CAB0541A93C2CD24DD9040EFE47D0FC79B3EE142B0155B63B6
SAME synth-jitter.bin [sparse-rans-l0] bytes=97384 sha=B0978DCC5681A8CAB0541A93C2CD24DD9040EFE47D0FC79B3EE142B0155B63B6
SAME synth-jitter.bin [sparse-channels] bytes=98557 sha=D8FAA04C3B84DF4AED1B0D9D95853D59C24442C578818EBED3EBC6ADAD976BB0
SAME synth-jitter.bin [tcopy-rans] bytes=97396 sha=FF8BD403C00EF9E5574A81F1D3A14AA4F20A52D60CF7D1E8EF711A55D6B5F3D0
SAME synth-jitter.bin [tcopy-pnra] bytes=97396 sha=FF8BD403C00EF9E5574A81F1D3A14AA4F20A52D60CF7D1E8EF711A55D6B5F3D0
SAME synth-jitter.bin [mdl-rans] bytes=87412 sha=FBA5C57192D509D98232A525CC9CBF67AB5EC46AA72515113FDDB9C30DDB709C
SAME synth-jitter.bin [mdl-rans-l0] bytes=87412 sha=DD83938C1FD61C026DECFE7983483950C4E3C6334BA1E5F6D697C2459F52733D
SAME synth-jitter.bin [mdl-rans-l001] bytes=87412 sha=FBA5C57192D509D98232A525CC9CBF67AB5EC46AA72515113FDDB9C30DDB709C
SAME synth-jitter.bin [shape-rans] bytes=90767 sha=FD79C8D27D5050D1328E60FA5D05719E2720C961549E73C7D31BCE747808CC5D
SAME synth-jitter.bin [shape-rans-l0] bytes=90767 sha=F603FB6037706E60A6DE8E1A433A9AF32CACBC18847C7C58F8706B298D5376D5
SAME synth-jitter.bin [shape-ctxmap] bytes=95365 sha=C1727394F900C4323E2697ABA9710922448E67BDE268C9B7D37EFA15C7AB6C3E
SAME synth-jitter.bin [hotop-rans] bytes=98585 sha=82900AD7BD9DDE9BC3A7B3EB37AA30CADEC2DDCEE02D7CC6D8C8ED1F25F134A6
SAME synth-jitter.bin [hotop-budget] bytes=98585 sha=893060D706978173867542438805D3835A66B3115E2D35194628E651C094410D
SAME synth-jitter.bin [hotop-rlzp] bytes=93475 sha=2959AF38698095159B42628A111E978690B86E5A0E97F79DC5D58BEFA43F4D87
INFO file-done synth-jitter.bin
SAME synth-ndjson-columnar.ndjson [default] bytes=22158 sha=B3709AB798D2BAD05C6B3F50E75B0AB0326B9E3087634053C2423CAD760C2EB5
SAME synth-ndjson-columnar.ndjson [greedy-arith] bytes=72282 sha=5C539041F66A3DA5667F5D2BFCDEA680BFB9A761961BDC2BC96B060C49F87025
SAME synth-ndjson-columnar.ndjson [dp-arith] bytes=45450 sha=FB0DDE802D287D2A29137531B8A428EC24D2DC52454C664D7E529939897ACC9D
SAME synth-ndjson-columnar.ndjson [greedy-rans] bytes=42817 sha=B5F8AB05089BB2D897202672945A428D97E3F7D3C758B562E434DCD6BD5F5A0B
SAME synth-ndjson-columnar.ndjson [dp-rans] bytes=22574 sha=374725CB79D9AC7B10216797AE4AE5280A2954C4B7BD1D718FCA27896C7761B4
SAME synth-ndjson-columnar.ndjson [sparse-rans] bytes=41612 sha=3B2446F212C6272CF75DD688F2B2224589EBD84AFD0D7D81DC507D3B1506BB88
SAME synth-ndjson-columnar.ndjson [sparse-rans-l0] bytes=41612 sha=834A080B7AFFCF3D670F2A7A36B0899D891F136B2A8E2F9E86C434AEDC03A313
SAME synth-ndjson-columnar.ndjson [sparse-channels] bytes=41687 sha=11E177F5751973E42685BC263C362B751817C9FA29FD92C53AC01B5EE6C0BED9
SAME synth-ndjson-columnar.ndjson [tcopy-rans] bytes=41624 sha=9C2AF3035A297F18F9DE531395246890CCA0BAE309D05DDD4931BE5F562203C1
SAME synth-ndjson-columnar.ndjson [tcopy-pnra] bytes=41624 sha=9C2AF3035A297F18F9DE531395246890CCA0BAE309D05DDD4931BE5F562203C1
SAME synth-ndjson-columnar.ndjson [mdl-rans] bytes=22169 sha=EF535B6D12C47655E8DD6E8ACB7FCEDA8F8AD664A4286C1FEEDD697F910CA4BB
SAME synth-ndjson-columnar.ndjson [mdl-rans-l0] bytes=22169 sha=8202E14DC705A2141A13E71F75D4445760ADE63B9E7098212159CFED4548FA4E
SAME synth-ndjson-columnar.ndjson [mdl-rans-l001] bytes=22169 sha=EF535B6D12C47655E8DD6E8ACB7FCEDA8F8AD664A4286C1FEEDD697F910CA4BB
SAME synth-ndjson-columnar.ndjson [shape-rans] bytes=24609 sha=556FA5E2F8DC81C32204AD9C6CE9D8E3E21F0A62328925504330E4E3932224B8
SAME synth-ndjson-columnar.ndjson [shape-rans-l0] bytes=24609 sha=368B7B784CD1492A62AA4C199935E57DEC2A5C5631C2682D8C1B8A77B373547D
SAME synth-ndjson-columnar.ndjson [shape-ctxmap] bytes=23182 sha=4EF0B09AE58D1B81FFA1EDE32199C2A9CF3D4C8CCCC4F2E979C3EB90F0865874
SAME synth-ndjson-columnar.ndjson [hotop-rans] bytes=41232 sha=7B767EBF9B850053D4CA1C2CC74E1AE4E5164838BB139127128B6B69A6E3EE74
SAME synth-ndjson-columnar.ndjson [hotop-budget] bytes=41232 sha=94CF104FA0E89751380F1AE3C7E6E7B0705D9BF33704213478C637101C4A84E9
SAME synth-ndjson-columnar.ndjson [hotop-rlzp] bytes=12039 sha=A5F91ADDEF0C46E540396DCEB9C78D6DFB7F40B8ADEAB9361BA801B7335ADA3B
INFO file-done synth-ndjson-columnar.ndjson
SAME synth-telemetry-f64.bin [default] bytes=284152 sha=16C26F93B68CD741595F7E3294386B63DCF79F6ADBB66D72E12C1BFDBD95F933
SAME synth-telemetry-f64.bin [greedy-arith] bytes=286953 sha=207A835BAA347D2FE3C90DC3381600F1F4564CB7B2C8B2CCEC1917DDA224E732
SAME synth-telemetry-f64.bin [dp-arith] bytes=292117 sha=D2F8DBAB84ADC2F79D47EBDB6201657FA684C6D86F10AE5767AA175A14CDB315
SAME synth-telemetry-f64.bin [greedy-rans] bytes=284152 sha=16C26F93B68CD741595F7E3294386B63DCF79F6ADBB66D72E12C1BFDBD95F933
SAME synth-telemetry-f64.bin [dp-rans] bytes=287487 sha=BC6C1327B2E8B74D63503F68B975D503436AC43BF2CF454738E087F6B71FFBBA
SAME synth-telemetry-f64.bin [sparse-rans] bytes=287464 sha=1A8DEE9716BB917433591F0BE834B12EC9977AC56DE4C6574D807B17215AC64F
SAME synth-telemetry-f64.bin [sparse-rans-l0] bytes=287464 sha=984FE6C0AC26498F093FA1681FB6F98DF48100B00351481C2CA9E68747DD83BA
SAME synth-telemetry-f64.bin [sparse-channels] bytes=287482 sha=A86D0396D01FE91E0759F2828FB7011C0F0FFF743FC84F330B38C42255D59837
SAME synth-telemetry-f64.bin [tcopy-rans] bytes=287467 sha=DB1A75E15CBB59FBD9EEF930C5D941638887C1144471DA18836E0BA9403C3493
SAME synth-telemetry-f64.bin [tcopy-pnra] bytes=287467 sha=DB1A75E15CBB59FBD9EEF930C5D941638887C1144471DA18836E0BA9403C3493
SAME synth-telemetry-f64.bin [mdl-rans] bytes=284152 sha=16C26F93B68CD741595F7E3294386B63DCF79F6ADBB66D72E12C1BFDBD95F933
SAME synth-telemetry-f64.bin [mdl-rans-l0] bytes=284152 sha=16C26F93B68CD741595F7E3294386B63DCF79F6ADBB66D72E12C1BFDBD95F933
SAME synth-telemetry-f64.bin [mdl-rans-l001] bytes=284152 sha=16C26F93B68CD741595F7E3294386B63DCF79F6ADBB66D72E12C1BFDBD95F933
SAME synth-telemetry-f64.bin [shape-rans] bytes=287176 sha=CA3DDD32C223A7DBA67F516644AF1D11D7C8B7ED52AF88D9D055A47533E89B37
SAME synth-telemetry-f64.bin [shape-rans-l0] bytes=287176 sha=CA3DDD32C223A7DBA67F516644AF1D11D7C8B7ED52AF88D9D055A47533E89B37
SAME synth-telemetry-f64.bin [shape-ctxmap] bytes=287176 sha=3924CD82BD4586222C3D15B8EA3DEEAEF1E761F25DCD15B39927EE9E62869553
SAME synth-telemetry-f64.bin [hotop-rans] bytes=288677 sha=08B7AF3A5DE5A9951EAAA7D75A37E81982EC397453B26B4AF96B1BB5AD1826F4
SAME synth-telemetry-f64.bin [hotop-budget] bytes=288677 sha=20CFA845465D4D238AC2080F397B485D3D13DB09CB023F0FD1B08F46E8798E80
SAME synth-telemetry-f64.bin [hotop-rlzp] bytes=288547 sha=82DB32087FEFFC7A1C02551AF90E611368244F116F623BAE450BAA2ADDEF7017
INFO file-done synth-telemetry-f64.bin
SAME synth-timeseries.bin [default] bytes=143081 sha=B06F822AC6B769445F43FA563E12A95BDCE2951506D5DABF1AEDD85A43E702AB
SAME synth-timeseries.bin [greedy-arith] bytes=159701 sha=9F2B6422BD2C70D536A201F37FC6695D8E4528F9AE19890344275CA6F5BA2BB3
SAME synth-timeseries.bin [dp-arith] bytes=159457 sha=8FB91E265642BA21019EC7E94C909736C2E337104ADDBD78CD4105C3AB2775E4
SAME synth-timeseries.bin [greedy-rans] bytes=155739 sha=68C2324C65F2320B0B6EFC2869339935BEF2AF1E2B3EEA100974711411642D6A
SAME synth-timeseries.bin [dp-rans] bytes=156444 sha=79821B03A5E6310274663929ADE4B28587C1F69288482FF876F690DDFF5795EE
SAME synth-timeseries.bin [sparse-rans] bytes=143132 sha=6F9F04C018AFB3BBCAA4BC19186C917DB2CB6F7BB2C518ACFBC7F8F3B65B7F1C
SAME synth-timeseries.bin [sparse-rans-l0] bytes=143132 sha=E70391156A29650C43FCA844CF341F3F6168E286A91EB24B84EE4ACCF40149DB
SAME synth-timeseries.bin [sparse-channels] bytes=143132 sha=6F9F04C018AFB3BBCAA4BC19186C917DB2CB6F7BB2C518ACFBC7F8F3B65B7F1C
SAME synth-timeseries.bin [tcopy-rans] bytes=143138 sha=838FE43130CCF450D3E06269957DBB350EB90526065A9DC45EF79831384FA847
SAME synth-timeseries.bin [tcopy-pnra] bytes=143138 sha=838FE43130CCF450D3E06269957DBB350EB90526065A9DC45EF79831384FA847
SAME synth-timeseries.bin [mdl-rans] bytes=155739 sha=68C2324C65F2320B0B6EFC2869339935BEF2AF1E2B3EEA100974711411642D6A
SAME synth-timeseries.bin [mdl-rans-l0] bytes=155739 sha=66C50FB92EE6599A8A473BC05B116E49C8C6880BF5BF3A477F8AA01793E98F52
SAME synth-timeseries.bin [mdl-rans-l001] bytes=155739 sha=68C2324C65F2320B0B6EFC2869339935BEF2AF1E2B3EEA100974711411642D6A
SAME synth-timeseries.bin [shape-rans] bytes=144219 sha=98FBE27C72A35683F3F7CC1B8286EA8ECBB22BF50384F712627C10655ED35580
SAME synth-timeseries.bin [shape-rans-l0] bytes=144219 sha=7E313A2DC5BA4C3BE322E85C694473E08FD24A35E5C0137C03B9A244E082AAAB
SAME synth-timeseries.bin [shape-ctxmap] bytes=144652 sha=CEE9E02C9CE7C973F4A1D69102C610620B5931E492E01EAF0220452390AD1224
SAME synth-timeseries.bin [hotop-rans] bytes=143234 sha=4AC0D65EAEC5E3985F6E6D73ADF02DA04D9427B9D6F8FC59FA935F744DC3D8BC
SAME synth-timeseries.bin [hotop-budget] bytes=143234 sha=534AADE7D4E0F5393C204CF00288F78920441A08B402CB3D006A109C35515885
SAME synth-timeseries.bin [hotop-rlzp] bytes=140898 sha=5814CF05126505B2C07322A0DC68503727283EE4B4FEFCB140B5782BC2B98730
INFO file-done synth-timeseries.bin
# SUMMARY same=494 diff=0 skip=0
