# gate_roundtrip 2026-09-12T06:08:25.1532125-05:00
# exe=build-i9-arch\anvil.exe sha256=FE0CF4F12DE47E0352CFBD562299144352E18102A66169B9A1F8C14D4A86CEF7
# src/anvil.cpp sha256=BDC9047434D19106D1D2316DC094FD615F8B71E3EB0FCA98CAFCD076B53B8CE0
PASS anvil_bench.exe [auto] in=1929216 wire=806497 wire_sha=CE6171DA9B04267E87931E26153C84255D55B399072FDBA94A4B7E4EE00274C5 1t+4t ok
PASS anvil_bench.exe [greedy] in=1929216 wire=845713 wire_sha=F57E765F174884A3CE5B18E6D6029CB25910743B0B2A0C99D378A86B4788A1C8 1t+4t ok
PASS anvil_bench.exe [dp] in=1929216 wire=814999 wire_sha=B48AB8CA4B8F320CFB2C3BA1DFD0200C341824B8C8DC803920AA90EBB2052D4E 1t+4t ok
PASS anvil_bench.exe [sparse] in=1929216 wire=846633 wire_sha=EC116B179DE7BA9036519B17CBF20B6CEB4E71372605AAC71D1F6BCF8831509F 1t+4t ok
PASS anvil_bench.exe [mdl] in=1929216 wire=806497 wire_sha=CE6171DA9B04267E87931E26153C84255D55B399072FDBA94A4B7E4EE00274C5 1t+4t ok
PASS anvil_bench.exe [shape] in=1929216 wire=855557 wire_sha=0D144AD7AC2F71EB31C12EF69B569F545FC1800ECFC890F9965A21E62E6261CE 1t+4t ok
PASS anvil_bench.exe [topology] in=1929216 wire=895358 wire_sha=2012F0950C0125367DA87601450E6C8C67736DFEE75711A2CD305D9915C32757 1t+4t ok
PASS anvil_bench.exe [tcopy] in=1929216 wire=845675 wire_sha=D371F8195D00E2284FD2001F697B1840E54B3F4A95DD0AC55EE7ED16AAB5CC7D 1t+4t ok
PASS anvil_bench.exe [tcopy-pnra] in=1929216 wire=846050 wire_sha=3D6E31A2C22D7146214300F56EEA6681E36ECF338607A0C37DA838016BF6042A 1t+4t ok
PASS anvil_bench.exe [hotop] in=1929216 wire=870239 wire_sha=E5EE0D0FD86DD5B84726687FCE6530F909AB16E42C1CCD181ABA045FBB1C53CB 1t+4t ok
PASS anvil_bench.exe [hotop-rlzp] in=1929216 wire=848773 wire_sha=6C3D61E862C7CF938BB4BD3DF1F591CAE290C41A3A2306EBA74BA2DC5115D5CB 1t+4t ok
PASS anvil_bench.exe [hotop-budget] in=1929216 wire=870239 wire_sha=38166FC0286E3B3AC557249317659888595C8432F9FF37BBF9AE81E76BA8D798 1t+4t ok
PASS anvil_bench.exe [ariref] in=1929216 wire=806497 wire_sha=CE6171DA9B04267E87931E26153C84255D55B399072FDBA94A4B7E4EE00274C5 1t+4t ok
PASS anvil_bench.exe [ratio] in=1929216 wire=646704 wire_sha=3C8B0FAE5D4058366F6B2CAEE191F350112A543B36CB50F33532D297B5746D5A 1t+4t ok
PASS anvil_bench.exe [ratio-bwt] in=1929216 wire=817241 wire_sha=1A884196ED6F09557E2B04292666C3AEBBAADFF221B319311CCAFF3030ADA2D8 1t+4t ok
PASS anvil_bench.exe [ratio-auto] in=1929216 wire=646704 wire_sha=3C8B0FAE5D4058366F6B2CAEE191F350112A543B36CB50F33532D297B5746D5A 1t+4t ok
PASS anvil_bench.exe [ratio-lzp-reject] clean-reject rc=1 err=anvil: --bwt-lzp=on is not supported: ratio transform 3 (LZP residue) is disabled (do-not-reburn 06 G2)

INFO file-done anvil_bench.exe
PASS anvil.exe [auto] in=268800 wire=104605 wire_sha=4081D2213CBF0A015D8088098771D040CB0F93E0073033C4EE9ED74FA039EAE7 1t+4t ok
PASS anvil.exe [greedy] in=268800 wire=110736 wire_sha=DEB2E8542E35C46ED24B9B07371ED96D20E480E16199EDC36B3D01A99D4DCDBE 1t+4t ok
PASS anvil.exe [dp] in=268800 wire=106483 wire_sha=AA700D9BEEAFF6EEE3B9D574424B414556BF762D200B44FB3959D55C5F9F17A9 1t+4t ok
PASS anvil.exe [sparse] in=268800 wire=109163 wire_sha=3343E51EB9B1116EE4518F63AD8F6D9FB851835ED0DA450F011704356270F352 1t+4t ok
PASS anvil.exe [mdl] in=268800 wire=104732 wire_sha=E15AB55153255403A903850727963CE5487F4D7C8F4E0C56E2E76C96A6E0B2F0 1t+4t ok
PASS anvil.exe [shape] in=268800 wire=111282 wire_sha=42F856542D73BEB260B6E41D3CB8CAA89B21062861344C18159966F0252FC2F7 1t+4t ok
PASS anvil.exe [topology] in=268800 wire=117585 wire_sha=D27C1897DCF0E4A31B6B7AE3762CD157C840E09269FDF89F969F1007286A6815 1t+4t ok
PASS anvil.exe [tcopy] in=268800 wire=108518 wire_sha=BAFA554C741DEE3F4F722A5D1472CCF42C77A18ACDB91F63F6CCE1D9C737480B 1t+4t ok
PASS anvil.exe [tcopy-pnra] in=268800 wire=108514 wire_sha=2C852948AA5BE6F0463301B237903C7524245231EF8B4CAE982AF653C568B30E 1t+4t ok
PASS anvil.exe [hotop] in=268800 wire=112508 wire_sha=75A8F313FA7CBE9070368B53FA360F998E8047296F5F9335952405DD2A6DD8C5 1t+4t ok
PASS anvil.exe [hotop-rlzp] in=268800 wire=110213 wire_sha=F77C11372CB679A00AB92D5D2886A055DFB2C1D0FDF0706AA31BB372AD0AD867 1t+4t ok
PASS anvil.exe [hotop-budget] in=268800 wire=112508 wire_sha=38B6C9F4FC88EF69CAECF030A84626A67738693015F235142D6C35D551912EA0 1t+4t ok
PASS anvil.exe [ariref] in=268800 wire=104605 wire_sha=4081D2213CBF0A015D8088098771D040CB0F93E0073033C4EE9ED74FA039EAE7 1t+4t ok
PASS anvil.exe [ratio] in=268800 wire=88351 wire_sha=E420749048A9C303F02A6F5D8A678265545957FA342EED5F3FC4F1F09CF143C4 1t+4t ok
PASS anvil.exe [ratio-bwt] in=268800 wire=111800 wire_sha=E84C8DADF19E64B572E53DD864EE845A6617D28A32BFC975F87E3305C2656D8D 1t+4t ok
PASS anvil.exe [ratio-auto] in=268800 wire=88351 wire_sha=E420749048A9C303F02A6F5D8A678265545957FA342EED5F3FC4F1F09CF143C4 1t+4t ok
PASS anvil.exe [ratio-lzp-reject] clean-reject rc=1 err=anvil: --bwt-lzp=on is not supported: ratio transform 3 (LZP residue) is disabled (do-not-reburn 06 G2)

INFO file-done anvil.exe
PASS CHECKSUMS.txt [auto] in=3210 wire=1991 wire_sha=464743536723298233B08C135E0802F64917E8D7AC6BF8647BEF76911CD0A602 1t+4t ok
PASS CHECKSUMS.txt [greedy] in=3210 wire=2022 wire_sha=CE162645A9D5431671FC23C6C286646146D0B8EF5875C6EB5FF920190AA80053 1t+4t ok
PASS CHECKSUMS.txt [dp] in=3210 wire=1991 wire_sha=464743536723298233B08C135E0802F64917E8D7AC6BF8647BEF76911CD0A602 1t+4t ok
PASS CHECKSUMS.txt [sparse] in=3210 wire=2115 wire_sha=E75B126B2C64705192A673A07201027A8B3490EE7B8D324B8728200ED2EDBED9 1t+4t ok
PASS CHECKSUMS.txt [mdl] in=3210 wire=2026 wire_sha=58D7EF4AF927BC6B647DFDA43CEAFF0304D4175AD83A77D289884204BB0A7BFF 1t+4t ok
PASS CHECKSUMS.txt [shape] in=3210 wire=2071 wire_sha=2FB4ABE818D9AAC7F6889FF7331AE385701BF3824D2F27678A52069583FD645E 1t+4t ok
PASS CHECKSUMS.txt [topology] in=3210 wire=2244 wire_sha=94425E65AC2D6049FCDDBC944A5F9868D687E19FFA7A1B06DE1484FD552B8349 1t+4t ok
PASS CHECKSUMS.txt [tcopy] in=3210 wire=2118 wire_sha=1A52AB51F7E9F3EC94AEC285EA0F4DA0B920735487643C8253D975089D67CA05 1t+4t ok
PASS CHECKSUMS.txt [tcopy-pnra] in=3210 wire=2118 wire_sha=1A52AB51F7E9F3EC94AEC285EA0F4DA0B920735487643C8253D975089D67CA05 1t+4t ok
PASS CHECKSUMS.txt [hotop] in=3210 wire=2267 wire_sha=C8325F7E97319B6FA2EA61A5FFE49963E08405DB83F8F50223E9917F44894BF6 1t+4t ok
PASS CHECKSUMS.txt [hotop-rlzp] in=3210 wire=2267 wire_sha=C8325F7E97319B6FA2EA61A5FFE49963E08405DB83F8F50223E9917F44894BF6 1t+4t ok
PASS CHECKSUMS.txt [hotop-budget] in=3210 wire=2267 wire_sha=F6140FA756EE6E9204676727C99B1928EB463F7BAC452D877A65EEA535E91900 1t+4t ok
PASS CHECKSUMS.txt [ariref] in=3210 wire=1991 wire_sha=464743536723298233B08C135E0802F64917E8D7AC6BF8647BEF76911CD0A602 1t+4t ok
PASS CHECKSUMS.txt [ratio] in=3210 wire=1671 wire_sha=1644E2119437801E945C371E7830E6678BEFFA1F7D83A2ABCAAC892DD357414D 1t+4t ok
PASS CHECKSUMS.txt [ratio-bwt] in=3210 wire=2016 wire_sha=66FE6122BDFCA4086107620026E6640134C0499970C61CA8594C17342DAECF81 1t+4t ok
PASS CHECKSUMS.txt [ratio-auto] in=3210 wire=1671 wire_sha=1644E2119437801E945C371E7830E6678BEFFA1F7D83A2ABCAAC892DD357414D 1t+4t ok
PASS CHECKSUMS.txt [ratio-lzp-reject] clean-reject rc=1 err=anvil: --bwt-lzp=on is not supported: ratio transform 3 (LZP residue) is disabled (do-not-reburn 06 G2)

INFO file-done CHECKSUMS.txt
PASS doc.md [auto] in=2724 wire=1444 wire_sha=C8601A182105BE7DCECB922A95FAC9A611903C4C4B3DF31AA8FAD18DCE874ACD 1t+4t ok
PASS doc.md [greedy] in=2724 wire=1463 wire_sha=B998087C7BC10BEFE61038DEEC82BFC6F672C103CDAF0ABCD181FE4521056843 1t+4t ok
PASS doc.md [dp] in=2724 wire=1444 wire_sha=C8601A182105BE7DCECB922A95FAC9A611903C4C4B3DF31AA8FAD18DCE874ACD 1t+4t ok
PASS doc.md [sparse] in=2724 wire=1588 wire_sha=F4828F33C020C53B47B08B5201F6167F6D4C444D3A98C544B04B5398E15ECC0E 1t+4t ok
PASS doc.md [mdl] in=2724 wire=1514 wire_sha=57EF44AB2E4A9FFF16FE0354C90BB390183C9351DA79F978EFA24072C6DEC6B7 1t+4t ok
PASS doc.md [shape] in=2724 wire=1567 wire_sha=8EC81F84076AB746203119F7D0FAD3829B63364E1CFFA61E7DCCD4A3290F676A 1t+4t ok
PASS doc.md [topology] in=2724 wire=1651 wire_sha=89E789A2214480A6175BC93BD415E551055989F8676436A9A834B377C034AC8C 1t+4t ok
PASS doc.md [tcopy] in=2724 wire=1591 wire_sha=94508A8BE324899A6F75B8143F6BE6C6B960F2FC6412232F3D471A12846CDEFB 1t+4t ok
PASS doc.md [tcopy-pnra] in=2724 wire=1591 wire_sha=94508A8BE324899A6F75B8143F6BE6C6B960F2FC6412232F3D471A12846CDEFB 1t+4t ok
PASS doc.md [hotop] in=2724 wire=1742 wire_sha=274C0A4E57FC403840503B1A04EF6559E7552CCBDD2D23E23C77412B4EC78C00 1t+4t ok
PASS doc.md [hotop-rlzp] in=2724 wire=1742 wire_sha=274C0A4E57FC403840503B1A04EF6559E7552CCBDD2D23E23C77412B4EC78C00 1t+4t ok
PASS doc.md [hotop-budget] in=2724 wire=1742 wire_sha=CAA2603F24C1AF248D17E9A2BBEDEE84908D34874AA0F7E35FE3BCF990B1B4BA 1t+4t ok
PASS doc.md [ariref] in=2724 wire=1444 wire_sha=C8601A182105BE7DCECB922A95FAC9A611903C4C4B3DF31AA8FAD18DCE874ACD 1t+4t ok
PASS doc.md [ratio] in=2724 wire=1072 wire_sha=18AF7B312398ECFCF8831C5E0D0238F0998A94FDA5CABFDE6A41A45B05495E83 1t+4t ok
PASS doc.md [ratio-bwt] in=2724 wire=1539 wire_sha=776D6F2AA6E81BA60F6CC0E1DEBEA20069438DA12AFFD1846DE46D9B0865C4F6 1t+4t ok
PASS doc.md [ratio-auto] in=2724 wire=1072 wire_sha=18AF7B312398ECFCF8831C5E0D0238F0998A94FDA5CABFDE6A41A45B05495E83 1t+4t ok
PASS doc.md [ratio-lzp-reject] clean-reject rc=1 err=anvil: --bwt-lzp=on is not supported: ratio transform 3 (LZP residue) is disabled (do-not-reburn 06 G2)

INFO file-done doc.md
PASS generated.json [auto] in=827664 wire=89158 wire_sha=FC797FC70A427603610FF57E39BB8DCF563CCEFAACF78F86B14DC2A44B46C5D7 1t+4t ok
PASS generated.json [greedy] in=827664 wire=128217 wire_sha=72EAB52252C128C2325ADCFBDF1D78E795681A6C887016C1FA83B6BCB340CB23 1t+4t ok
PASS generated.json [dp] in=827664 wire=101204 wire_sha=C409FE68CBB476C810C5B81FEA1DE6C4FDB7103A0810329931160793557854AF 1t+4t ok
PASS generated.json [sparse] in=827664 wire=120566 wire_sha=C983B928A0711DAA3C3DA53BDF9AD866F7D8156612CB4D6FB9132464D825C7A7 1t+4t ok
PASS generated.json [mdl] in=827664 wire=89589 wire_sha=249D542BA621642AE916858C4B3222383B2177FCB5131B9F0274064BC811BA3A 1t+4t ok
PASS generated.json [shape] in=827664 wire=92300 wire_sha=73FC10E1FB913734A73A7859C67FF9E21E2467F9284D2C21F859EC42B30BB124 1t+4t ok
PASS generated.json [topology] in=827664 wire=146701 wire_sha=ADB35E9378AEAE5DD417F868788E8739640A001135B7BB8C0B18C593A823261D 1t+4t ok
PASS generated.json [tcopy] in=827664 wire=120578 wire_sha=7A3F63FA88A8A549778CB497A8672C4929D363F9B729B8DCA7B90F946505DF6C 1t+4t ok
PASS generated.json [tcopy-pnra] in=827664 wire=120578 wire_sha=7A3F63FA88A8A549778CB497A8672C4929D363F9B729B8DCA7B90F946505DF6C 1t+4t ok
PASS generated.json [hotop] in=827664 wire=121316 wire_sha=243DC3C4AFAF8FF5DB5398274B628DBBB55E3BC7E3EF99BAAA0AA9E10DF008EF 1t+4t ok
PASS generated.json [hotop-rlzp] in=827664 wire=116271 wire_sha=C1BBF50661A5EE726FFADF22354AD0911FC46EA901555A9E505A62B18B79273A 1t+4t ok
PASS generated.json [hotop-budget] in=827664 wire=121316 wire_sha=ACBAEC57697F414AF6DA0ED78F3F0D13C1D6A7D9FD425C86E7DFB383D9ADF495 1t+4t ok
PASS generated.json [ariref] in=827664 wire=89158 wire_sha=FC797FC70A427603610FF57E39BB8DCF563CCEFAACF78F86B14DC2A44B46C5D7 1t+4t ok
PASS generated.json [ratio] in=827664 wire=73205 wire_sha=4C559693D91E88F127C5FC306FB0FEC41FE7B2EEB74AE0E06B7471A8AB25D95C 1t+4t ok
PASS generated.json [ratio-bwt] in=827664 wire=78017 wire_sha=721DA3E4169BD146400636B6BDAFDB366A9F93B18C170F80D8AB3E2E2FC6E7EA 1t+4t ok
PASS generated.json [ratio-auto] in=827664 wire=73205 wire_sha=4C559693D91E88F127C5FC306FB0FEC41FE7B2EEB74AE0E06B7471A8AB25D95C 1t+4t ok
PASS generated.json [ratio-lzp-reject] clean-reject rc=1 err=anvil: --bwt-lzp=on is not supported: ratio transform 3 (LZP residue) is disabled (do-not-reburn 06 G2)

INFO file-done generated.json
PASS generated.jsonl [auto] in=2815267 wire=183506 wire_sha=B1F0A30C32AD5E4A07EC1EDA776074E9F44A742168F4A77E7064DF9CFDE3ABA9 1t+4t ok
PASS generated.jsonl [greedy] in=2815267 wire=275636 wire_sha=26DA68E391AC99002F51D02694BFD592F6EFF3997770FA6D7AC709F092A6B403 1t+4t ok
PASS generated.jsonl [dp] in=2815267 wire=206130 wire_sha=444FC544580BEC5AAED2788B03B49F95D925865C5B0C8EADCE48FDB1DCC9C2A0 1t+4t ok
PASS generated.jsonl [sparse] in=2815267 wire=221596 wire_sha=DD29FEFFA14295302BEFC2A9B140EADC565912C2FCE500BB640A96B343FD251B 1t+4t ok
PASS generated.jsonl [mdl] in=2815267 wire=183506 wire_sha=B1F0A30C32AD5E4A07EC1EDA776074E9F44A742168F4A77E7064DF9CFDE3ABA9 1t+4t ok
PASS generated.jsonl [shape] in=2815267 wire=195919 wire_sha=64F2C51DA1925EB8B6A11C7AC48B4AA4DD3AE96815C395D6232052D5D05084F0 1t+4t ok
PASS generated.jsonl [topology] in=2815267 wire=250176 wire_sha=C511BB33A57AA19848D8CFB475FB991C2052D0D7BD1F82D0CFACB4CAA727BDB4 1t+4t ok
PASS generated.jsonl [tcopy] in=2815267 wire=221629 wire_sha=721ABAE531DE5294D322DE6ED7D1897D339F005793E72C923A6D29EF51AAC27E 1t+4t ok
PASS generated.jsonl [tcopy-pnra] in=2815267 wire=221629 wire_sha=721ABAE531DE5294D322DE6ED7D1897D339F005793E72C923A6D29EF51AAC27E 1t+4t ok
PASS generated.jsonl [hotop] in=2815267 wire=222381 wire_sha=51B8756F1954760024BE15D06940F5446CB41A10C5C3FCCC95955E8AFE4F846A 1t+4t ok
PASS generated.jsonl [hotop-rlzp] in=2815267 wire=198457 wire_sha=476C3F954CC33A2523B5C052A888D21049D725BB90F4A88589A9374A27707AAC 1t+4t ok
PASS generated.jsonl [hotop-budget] in=2815267 wire=222381 wire_sha=C94D59040DE562611A93046E8F04590F07B85FF9832E9635E19A93EC3AF22FCA 1t+4t ok
PASS generated.jsonl [ariref] in=2815267 wire=183506 wire_sha=B1F0A30C32AD5E4A07EC1EDA776074E9F44A742168F4A77E7064DF9CFDE3ABA9 1t+4t ok
PASS generated.jsonl [ratio] in=2815267 wire=54657 wire_sha=CDEE5D92F87E71F98D99E0789C7B8C69791AEA6BD7950AC8845C6CA603DD9075 1t+4t ok
PASS generated.jsonl [ratio-bwt] in=2815267 wire=74959 wire_sha=0766B2127D47166423C64FC36CC250290F507219BDA5D405717C18811610FA5F 1t+4t ok
PASS generated.jsonl [ratio-auto] in=2815267 wire=54657 wire_sha=CDEE5D92F87E71F98D99E0789C7B8C69791AEA6BD7950AC8845C6CA603DD9075 1t+4t ok
PASS generated.jsonl [ratio-lzp-reject] clean-reject rc=1 err=anvil: --bwt-lzp=on is not supported: ratio transform 3 (LZP residue) is disabled (do-not-reburn 06 G2)

INFO file-done generated.jsonl
PASS generated.log [auto] in=1942280 wire=129739 wire_sha=DD5ACF71B766F95756E7E457B1AE6106F01CE7044A9B69041351125D118FCAF2 1t+4t ok
PASS generated.log [greedy] in=1942280 wire=188296 wire_sha=1F262C359DEA558EDA0D8F97A7F6BB3747A63D51ACD6E279AD9557B4107E4DA4 1t+4t ok
PASS generated.log [dp] in=1942280 wire=148963 wire_sha=3D470F01EF453828325884E056CFF735989AF44CD7A19918E068D8E593058C07 1t+4t ok
PASS generated.log [sparse] in=1942280 wire=175723 wire_sha=C2F1E1ACB41C447C4D7593E95F2CBB52F06BE67B324B7A4C7BBD6BA101ABC252 1t+4t ok
PASS generated.log [mdl] in=1942280 wire=132434 wire_sha=6338A8C26B72C122DF84703585C2928481AEA30FD770661DB1547040E9C6BF18 1t+4t ok
PASS generated.log [shape] in=1942280 wire=129739 wire_sha=DD5ACF71B766F95756E7E457B1AE6106F01CE7044A9B69041351125D118FCAF2 1t+4t ok
PASS generated.log [topology] in=1942280 wire=207726 wire_sha=6019ED1EA8864119306CCF6F7B9853C96689F3988B2E48345F896553563049EA 1t+4t ok
PASS generated.log [tcopy] in=1942280 wire=175747 wire_sha=661211D8927237ED2B7E08F3878B5956346D929F4FC851A65F479AEDF41342B7 1t+4t ok
PASS generated.log [tcopy-pnra] in=1942280 wire=175747 wire_sha=661211D8927237ED2B7E08F3878B5956346D929F4FC851A65F479AEDF41342B7 1t+4t ok
PASS generated.log [hotop] in=1942280 wire=175550 wire_sha=157C8514BBF67DF5F8698C721C2F736A8C486449910D476B045A49AB51BCBC04 1t+4t ok
PASS generated.log [hotop-rlzp] in=1942280 wire=157446 wire_sha=08590D16265DC9E609E2237EF00D764B9EA8C56BE705EF983130EB806FE746DE 1t+4t ok
PASS generated.log [hotop-budget] in=1942280 wire=175550 wire_sha=EEAA72D807E7EF39CF50DBDDEE646571674A015379793015AD139CBF6CF65674 1t+4t ok
PASS generated.log [ariref] in=1942280 wire=129739 wire_sha=DD5ACF71B766F95756E7E457B1AE6106F01CE7044A9B69041351125D118FCAF2 1t+4t ok
PASS generated.log [ratio] in=1942280 wire=19772 wire_sha=4227B9454AFE19C2F07571CD52146C53753810C0FD09BB541A10FCC83FFE5B75 1t+4t ok
PASS generated.log [ratio-bwt] in=1942280 wire=29795 wire_sha=794DC772070484473B6623A2D4E1844B74A2CBCC786417641B045C47045C4481 1t+4t ok
PASS generated.log [ratio-auto] in=1942280 wire=19772 wire_sha=4227B9454AFE19C2F07571CD52146C53753810C0FD09BB541A10FCC83FFE5B75 1t+4t ok
PASS generated.log [ratio-lzp-reject] clean-reject rc=1 err=anvil: --bwt-lzp=on is not supported: ratio transform 3 (LZP residue) is disabled (do-not-reburn 06 G2)

INFO file-done generated.log
PASS generated.repeat.jsonl [auto] in=940000 wire=873 wire_sha=EE39A68E41A0E03F982A3CCFDEC4D5B3340BDBCA7104A15BF86E3842708828B8 1t+4t ok
PASS generated.repeat.jsonl [greedy] in=940000 wire=893 wire_sha=7758E69145B6238988C678A74287FDE1A91CA76B2289F24BAD571831107F9D5E 1t+4t ok
PASS generated.repeat.jsonl [dp] in=940000 wire=873 wire_sha=EE39A68E41A0E03F982A3CCFDEC4D5B3340BDBCA7104A15BF86E3842708828B8 1t+4t ok
PASS generated.repeat.jsonl [sparse] in=940000 wire=1182 wire_sha=F73A3620426338C92BFCA83398E79780E2431CBEA13001B913A731BC4594CE8C 1t+4t ok
PASS generated.repeat.jsonl [mdl] in=940000 wire=893 wire_sha=7758E69145B6238988C678A74287FDE1A91CA76B2289F24BAD571831107F9D5E 1t+4t ok
PASS generated.repeat.jsonl [shape] in=940000 wire=1203 wire_sha=41D1F6A57F1AC881969C3A9BB9472772966130404495F2A2127F5D08B66009BF 1t+4t ok
PASS generated.repeat.jsonl [topology] in=940000 wire=1223 wire_sha=3435D8AD678468344D548EF674C79189F182BA1FEF7EC404270DC5F5FB6EC36B 1t+4t ok
PASS generated.repeat.jsonl [tcopy] in=940000 wire=1194 wire_sha=92CA4A3A491C1D3E82B235BBD257146F6C01A9BD581A249C3CD2FD0AFD978D69 1t+4t ok
PASS generated.repeat.jsonl [tcopy-pnra] in=940000 wire=1194 wire_sha=92CA4A3A491C1D3E82B235BBD257146F6C01A9BD581A249C3CD2FD0AFD978D69 1t+4t ok
PASS generated.repeat.jsonl [hotop] in=940000 wire=1255 wire_sha=2F0B9A70A878F41143ACA9C4AB4C7A0E720562EDFC46F088C2F9A7F2A92FBC86 1t+4t ok
PASS generated.repeat.jsonl [hotop-rlzp] in=940000 wire=1255 wire_sha=2F0B9A70A878F41143ACA9C4AB4C7A0E720562EDFC46F088C2F9A7F2A92FBC86 1t+4t ok
PASS generated.repeat.jsonl [hotop-budget] in=940000 wire=1255 wire_sha=2F0B9A70A878F41143ACA9C4AB4C7A0E720562EDFC46F088C2F9A7F2A92FBC86 1t+4t ok
PASS generated.repeat.jsonl [ariref] in=940000 wire=873 wire_sha=EE39A68E41A0E03F982A3CCFDEC4D5B3340BDBCA7104A15BF86E3842708828B8 1t+4t ok
PASS generated.repeat.jsonl [ratio] in=940000 wire=190 wire_sha=FF3C48F2412F361AC51AF8C5481D12232DDA8A986DB88102C1A9118D51ED1BD7 1t+4t ok
PASS generated.repeat.jsonl [ratio-bwt] in=940000 wire=425 wire_sha=A08CA1092E9CDC3E5A9ED14849E9763F0FD210B0B40D92A697E9E0C15AA81E3C 1t+4t ok
PASS generated.repeat.jsonl [ratio-auto] in=940000 wire=190 wire_sha=FF3C48F2412F361AC51AF8C5481D12232DDA8A986DB88102C1A9118D51ED1BD7 1t+4t ok
PASS generated.repeat.jsonl [ratio-lzp-reject] clean-reject rc=1 err=anvil: --bwt-lzp=on is not supported: ratio transform 3 (LZP residue) is disabled (do-not-reburn 06 G2)

INFO file-done generated.repeat.jsonl
PASS generated.sqlite [auto] in=1740800 wire=323014 wire_sha=183C3A27A132704A443C09E6D24D3BFB42B23F9667B2857F6A58CA34E8D05BD3 1t+4t ok
PASS generated.sqlite [greedy] in=1740800 wire=391301 wire_sha=F4316AC5377246B2C0161EB99D4380D219407B27F1586EEB5A0804440C16AC2D 1t+4t ok
PASS generated.sqlite [dp] in=1740800 wire=337413 wire_sha=DFD46B977C258B596FB90DA33E00A4F1781D11AA0BA2EF394FDA1A0CE7D593AD 1t+4t ok
PASS generated.sqlite [sparse] in=1740800 wire=363364 wire_sha=B15B5B5F16C0C8BD7B5C8AF8CF3AA8295FC0C152F140B48D7AC0902A736A38BA 1t+4t ok
PASS generated.sqlite [mdl] in=1740800 wire=323014 wire_sha=183C3A27A132704A443C09E6D24D3BFB42B23F9667B2857F6A58CA34E8D05BD3 1t+4t ok
PASS generated.sqlite [shape] in=1740800 wire=358011 wire_sha=BBD7C9C5604007499167187FAD5767B19FB3E4D1C550AD4E448C9DDF775F9DC0 1t+4t ok
PASS generated.sqlite [topology] in=1740800 wire=415773 wire_sha=D465542643E596EE2C8F177CA87F4A3CDB3EBD61BC8326B9F7BFA7E5E50EDF01 1t+4t ok
PASS generated.sqlite [tcopy] in=1740800 wire=363385 wire_sha=05E82CFD0F120D5564F41E6E9A9C1F06FF929E3EBC6AE3F97C58A6C5229B2B5D 1t+4t ok
PASS generated.sqlite [tcopy-pnra] in=1740800 wire=363385 wire_sha=05E82CFD0F120D5564F41E6E9A9C1F06FF929E3EBC6AE3F97C58A6C5229B2B5D 1t+4t ok
PASS generated.sqlite [hotop] in=1740800 wire=366019 wire_sha=E09CAFAF4A2F6E2577872FBD4A0E1C043070993D15C2FC15B40003B7566A5421 1t+4t ok
PASS generated.sqlite [hotop-rlzp] in=1740800 wire=363679 wire_sha=72A7C289735294F0D9D86D654D8C256DA9981FC4D43B153B6123A95E0696112E 1t+4t ok
PASS generated.sqlite [hotop-budget] in=1740800 wire=366019 wire_sha=876EAD52F4824F084BB7B9BBEADA85B0338F9A82BC053D1D30DECD26ABAA037E 1t+4t ok
PASS generated.sqlite [ariref] in=1740800 wire=323014 wire_sha=183C3A27A132704A443C09E6D24D3BFB42B23F9667B2857F6A58CA34E8D05BD3 1t+4t ok
PASS generated.sqlite [ratio] in=1740800 wire=162498 wire_sha=58FA9A4E81E66F96C41B05D318485AAFADE58D4BB27FC7271B2270FA0D07D24F 1t+4t ok
PASS generated.sqlite [ratio-bwt] in=1740800 wire=199247 wire_sha=E6A57EC594975B12A81C3F219B3AD0BC0378703EB619D393D5CA1AE3F0FC0DC1 1t+4t ok
PASS generated.sqlite [ratio-auto] in=1740800 wire=162498 wire_sha=58FA9A4E81E66F96C41B05D318485AAFADE58D4BB27FC7271B2270FA0D07D24F 1t+4t ok
PASS generated.sqlite [ratio-lzp-reject] clean-reject rc=1 err=anvil: --bwt-lzp=on is not supported: ratio transform 3 (LZP residue) is disabled (do-not-reburn 06 G2)

INFO file-done generated.sqlite
PASS pe-git.exe [auto] in=4383048 wire=2131578 wire_sha=3C8E827574A98A6C146DB5D40DA8EBE0A00361217FFFD63D1F826C2215CE75CF 1t+4t ok
PASS pe-git.exe [greedy] in=4383048 wire=2240738 wire_sha=F8F634C2116AF63881CB9C21AE88EB2C44654ACA5DA3220DAC6A25C538384A03 1t+4t ok
PASS pe-git.exe [dp] in=4383048 wire=2151959 wire_sha=0D82673C3A66AFB32FA2E2D7A858D6CE97858E8B330E9833F5AE214065275C61 1t+4t ok
PASS pe-git.exe [sparse] in=4383048 wire=2298646 wire_sha=9EEDA218F41CB502E7E665222B9C68E58A432E9518E0E1528FCBB1308F9475BC 1t+4t ok
PASS pe-git.exe [mdl] in=4383048 wire=2131655 wire_sha=E01BB2CBC9EE7A2A988F6FB105FE02877F0FB4CB0257555E9114571389E0008D 1t+4t ok
PASS pe-git.exe [shape] in=4383048 wire=2323184 wire_sha=616515DDBB8872E1E9F57D54C028B51C1C1686F51BCA0B0DB5EEBB69F794AF48 1t+4t ok
PASS pe-git.exe [topology] in=4383048 wire=2440021 wire_sha=ACC70A5B7742397BBE5F4135171AC098DCDFAD9767677BA2CB2377D129699FCB 1t+4t ok
PASS pe-git.exe [tcopy] in=4383048 wire=2295295 wire_sha=6F8045284E64A864123A26E1BA570E3905BF5230D45D65AF382CD219144617DF 1t+4t ok
PASS pe-git.exe [tcopy-pnra] in=4383048 wire=2287853 wire_sha=09C65D6C4A74A93D51C59932CAA22F1F9F232301BD7B8A1A150ABF9E17E5DCE1 1t+4t ok
PASS pe-git.exe [hotop] in=4383048 wire=2408882 wire_sha=4F3184E3D0948ECF03257EEC6714977FA3F53830B8EDCAE359457E46351D6E60 1t+4t ok
PASS pe-git.exe [hotop-rlzp] in=4383048 wire=2351049 wire_sha=EFEF143932EAB3A836FFFC4ED6122FB0E010C92C33AB688C69B3526EC4D7B699 1t+4t ok
PASS pe-git.exe [hotop-budget] in=4383048 wire=2408882 wire_sha=975E6E6CBA3A48EA681B575EB827596729AC912FF073F1EF08A4B2E7719BA4C9 1t+4t ok
PASS pe-git.exe [ariref] in=4383048 wire=2131578 wire_sha=3C8E827574A98A6C146DB5D40DA8EBE0A00361217FFFD63D1F826C2215CE75CF 1t+4t ok
PASS pe-git.exe [ratio] in=4383048 wire=1790960 wire_sha=CCD093824217DD5C8786D91CB3652C3BBD6A5CE62CFC3192093F94663F0EA0EC 1t+4t ok
PASS pe-git.exe [ratio-bwt] in=4383048 wire=1963180 wire_sha=A95C4C21BA5D6A69598BE23C6E1930F8180F74A9FEE7CB95D63D752E947843FE 1t+4t ok
PASS pe-git.exe [ratio-auto] in=4383048 wire=1790960 wire_sha=CCD093824217DD5C8786D91CB3652C3BBD6A5CE62CFC3192093F94663F0EA0EC 1t+4t ok
PASS pe-git.exe [ratio-lzp-reject] clean-reject rc=1 err=anvil: --bwt-lzp=on is not supported: ratio transform 3 (LZP residue) is disabled (do-not-reburn 06 G2)

INFO file-done pe-git.exe
PASS pe-ninja.exe [auto] in=603648 wire=293296 wire_sha=AD7EA1FF3E1A30DEDF2C72C1BED460C516A2DBC424073947E22CE5243EA6DB2F 1t+4t ok
PASS pe-ninja.exe [greedy] in=603648 wire=306900 wire_sha=DD7832C075B4B6DE350C5157422A778476FEC931716C196371E23FCF61E6F5A7 1t+4t ok
PASS pe-ninja.exe [dp] in=603648 wire=296122 wire_sha=D29D3D91D84C6024792B08073C01CF656A393B825564F4DE4E958FA0806F422E 1t+4t ok
PASS pe-ninja.exe [sparse] in=603648 wire=312692 wire_sha=4715A631ECE1F6C79DA5C49057B0D9280265D06EF1B253D484FE9D4ED50094BF 1t+4t ok
PASS pe-ninja.exe [mdl] in=603648 wire=293324 wire_sha=82AF48BA52DF9FC17F34433BF065EF7EA58E2B1B01330936D237CB9335BAA327 1t+4t ok
PASS pe-ninja.exe [shape] in=603648 wire=313206 wire_sha=293CB7AC2F1BE25D91E5D1A4596258D064830921CC116883EB08AE84EC0F5712 1t+4t ok
PASS pe-ninja.exe [topology] in=603648 wire=329779 wire_sha=844195B6BDB5FE7AE0BC69306390B084A16A455A316219CE743ADA9FB8C9126C 1t+4t ok
PASS pe-ninja.exe [tcopy] in=603648 wire=311702 wire_sha=D52D4BFE90F46C2B9E219D5F7089E8A352231659056E3CD294712AE2A935216E 1t+4t ok
PASS pe-ninja.exe [tcopy-pnra] in=603648 wire=311069 wire_sha=BDBD62A5E64C97EA4593CB721450268BD0588653250B5702A760EFD0BC80BDA2 1t+4t ok
PASS pe-ninja.exe [hotop] in=603648 wire=323114 wire_sha=286272F110546A62BC7E71F5C6A40481AD635EDAC74F78CFFD39018BBFD7AAB8 1t+4t ok
PASS pe-ninja.exe [hotop-rlzp] in=603648 wire=314870 wire_sha=47147E62986AE4D942A7B0744B4167B2790D1C52190A0554FACA6F3B2098E8A5 1t+4t ok
PASS pe-ninja.exe [hotop-budget] in=603648 wire=323114 wire_sha=4E33385CD8D9CCA371DA9303D91F5381FE23A2A20C16268FCFE6AE9039B49F38 1t+4t ok
PASS pe-ninja.exe [ariref] in=603648 wire=293296 wire_sha=AD7EA1FF3E1A30DEDF2C72C1BED460C516A2DBC424073947E22CE5243EA6DB2F 1t+4t ok
PASS pe-ninja.exe [ratio] in=603648 wire=252271 wire_sha=328B9771DF78D49F712393D619DB72A1F58A3DE3ACD3CF5F51FA2447F9DB6761 1t+4t ok
PASS pe-ninja.exe [ratio-bwt] in=603648 wire=302224 wire_sha=C855B0C72B73CBA84477B2E4D07128D940400AA9F8C9A36C23026775FE542868 1t+4t ok
PASS pe-ninja.exe [ratio-auto] in=603648 wire=252271 wire_sha=328B9771DF78D49F712393D619DB72A1F58A3DE3ACD3CF5F51FA2447F9DB6761 1t+4t ok
PASS pe-ninja.exe [ratio-lzp-reject] clean-reject rc=1 err=anvil: --bwt-lzp=on is not supported: ratio transform 3 (LZP residue) is disabled (do-not-reburn 06 G2)

INFO file-done pe-ninja.exe
PASS pe-notepad.exe [auto] in=360448 wire=203424 wire_sha=605A2D5C427AE94BA579DA5CF4344795198B8769359E0C6AC2D8C969F5B70F4B 1t+4t ok
PASS pe-notepad.exe [greedy] in=360448 wire=207714 wire_sha=46D39C3F281C24264C9AB5070DB514EBE0C6D3E904708E03FAA7B07B21B4AA96 1t+4t ok
PASS pe-notepad.exe [dp] in=360448 wire=204510 wire_sha=F70D4A6F0EEF6A75FD6295E2B4ACF9C9EECB3DB369A6E64E407BE407A678792D 1t+4t ok
PASS pe-notepad.exe [sparse] in=360448 wire=213972 wire_sha=6EC471BEA3FB97739EE9965FEB3A9D62988AF1002246084EC0383978810225C2 1t+4t ok
PASS pe-notepad.exe [mdl] in=360448 wire=203438 wire_sha=B9FFC04C294131FA8E2128A079293DC2715502A899C47C03933B58EF3159639E 1t+4t ok
PASS pe-notepad.exe [shape] in=360448 wire=212674 wire_sha=805501ECE6CE916BDF55A9F61A2E1BF403ED418B384E2D750A67B900B140EBF1 1t+4t ok
PASS pe-notepad.exe [topology] in=360448 wire=222125 wire_sha=4B927266AF4235AC67D7E4B41F6DED37FB510C6A4E5B785BFDF2590A199F58EC 1t+4t ok
PASS pe-notepad.exe [tcopy] in=360448 wire=213505 wire_sha=E6CAC67A6574ED41C4B67F621A07A7BDAF35D6F0088CA4FB55C58A545CF58AD2 1t+4t ok
PASS pe-notepad.exe [tcopy-pnra] in=360448 wire=213701 wire_sha=88FDE6ADCB1F4ED5E669D058C9D741142CBE68BFCECB9242EB7D3641EF564EFC 1t+4t ok
PASS pe-notepad.exe [hotop] in=360448 wire=218335 wire_sha=1B3EB8F3D004B383230C13FE9FAC0AF57350A2C45513E0026ABD3737F5671C7C 1t+4t ok
PASS pe-notepad.exe [hotop-rlzp] in=360448 wire=215124 wire_sha=4CCB77C6C86C1EB59FC038E01C0E39E371D3F546F763F880BAB2AFAC54646CD4 1t+4t ok
PASS pe-notepad.exe [hotop-budget] in=360448 wire=218335 wire_sha=94DB763A9ABFE27A63F14078930230D9EF33583DB470E782F9709BD3E49003D0 1t+4t ok
PASS pe-notepad.exe [ariref] in=360448 wire=203424 wire_sha=605A2D5C427AE94BA579DA5CF4344795198B8769359E0C6AC2D8C969F5B70F4B 1t+4t ok
PASS pe-notepad.exe [ratio] in=360448 wire=185354 wire_sha=304B6DC0EBCE9058EFF898685D509A98B5FDC3706FF75FB4F3BC437663848933 1t+4t ok
PASS pe-notepad.exe [ratio-bwt] in=360448 wire=218412 wire_sha=6C1C3A3ED7D6A6BA701F28D76FD7CB2F4734C498C5F031FB72ADC0D4565DC3ED 1t+4t ok
PASS pe-notepad.exe [ratio-auto] in=360448 wire=185354 wire_sha=304B6DC0EBCE9058EFF898685D509A98B5FDC3706FF75FB4F3BC437663848933 1t+4t ok
PASS pe-notepad.exe [ratio-lzp-reject] clean-reject rc=1 err=anvil: --bwt-lzp=on is not supported: ratio transform 3 (LZP residue) is disabled (do-not-reburn 06 G2)

INFO file-done pe-notepad.exe
PASS pe-python.exe [auto] in=103704 wire=54220 wire_sha=F4AD878BA8181C497598A5135580B444682E3EA7CB8F47EB47A0CD137CF9FB2F 1t+4t ok
PASS pe-python.exe [greedy] in=103704 wire=54467 wire_sha=4D6839A732E1B3A2596E19BFFF683EFCC6D9B2F784DBAB138BA8E7923C6D1AC0 1t+4t ok
PASS pe-python.exe [dp] in=103704 wire=54220 wire_sha=F4AD878BA8181C497598A5135580B444682E3EA7CB8F47EB47A0CD137CF9FB2F 1t+4t ok
PASS pe-python.exe [sparse] in=103704 wire=58669 wire_sha=0A99E02D47BE8938872AE63673DBE8D240A66866F96ED9712FE9CDE9E524A275 1t+4t ok
PASS pe-python.exe [mdl] in=103704 wire=54608 wire_sha=116B8202F4A5A39C10CFBF6A8F9D33D1FB8BCE65BD2DE92810250881B2DF2363 1t+4t ok
PASS pe-python.exe [shape] in=103704 wire=55805 wire_sha=4415E3FC8185805D9443F4751F544FA2BA8A83918396466DFAFF25F098502D64 1t+4t ok
PASS pe-python.exe [topology] in=103704 wire=61946 wire_sha=BBDB5410D6E87742C514B3AE8B1F50A78F7539517F7AB7263D2068E76A7D7323 1t+4t ok
PASS pe-python.exe [tcopy] in=103704 wire=58683 wire_sha=3772029214FBA4532F47E5F49F5350EF5A6CD67B6595BB413531EA891B0F928A 1t+4t ok
PASS pe-python.exe [tcopy-pnra] in=103704 wire=58687 wire_sha=0F142844A7A9E0567FB6936B5AE459D9ECBD68E46B9DCAECE48E7034D8DDDE02 1t+4t ok
PASS pe-python.exe [hotop] in=103704 wire=59503 wire_sha=CF0E99ED4C57605AADB8229F54FFF4C322EEF96A4533CE0044F4AC96CC10253F 1t+4t ok
PASS pe-python.exe [hotop-rlzp] in=103704 wire=58901 wire_sha=B7D7E2DBE4536B8314AABB9C415531BAC34565C8BD9904959128B6C84CB39C3F 1t+4t ok
PASS pe-python.exe [hotop-budget] in=103704 wire=59503 wire_sha=873B1464BD7BD3DA03F9E9F72A0DDFF3BBD70DF168B97152C111055FAF425633 1t+4t ok
PASS pe-python.exe [ariref] in=103704 wire=54220 wire_sha=F4AD878BA8181C497598A5135580B444682E3EA7CB8F47EB47A0CD137CF9FB2F 1t+4t ok
PASS pe-python.exe [ratio] in=103704 wire=50807 wire_sha=DAF0A13D8AD1B05A3620B785EF9B6C7ACD2A1F6352A5D5AA939D3B34533397CF 1t+4t ok
PASS pe-python.exe [ratio-bwt] in=103704 wire=57497 wire_sha=8FD3A5759554D667A5D64213384C295A0C109FD798F2488CF645EB7795AFD47E 1t+4t ok
PASS pe-python.exe [ratio-auto] in=103704 wire=50807 wire_sha=DAF0A13D8AD1B05A3620B785EF9B6C7ACD2A1F6352A5D5AA939D3B34533397CF 1t+4t ok
PASS pe-python.exe [ratio-lzp-reject] clean-reject rc=1 err=anvil: --bwt-lzp=on is not supported: ratio transform 3 (LZP residue) is disabled (do-not-reburn 06 G2)

INFO file-done pe-python.exe
PASS pe-where.exe [auto] in=61440 wire=22362 wire_sha=9BA76D809EC72E3837DB6E8EA126AC9A6383E677E684D4E6F0AEC6FB67963568 1t+4t ok
PASS pe-where.exe [greedy] in=61440 wire=23213 wire_sha=1508B828C6AA0745548615424315639AE5F6FF5C9C2A0AE900A929F92E7A5E5D 1t+4t ok
PASS pe-where.exe [dp] in=61440 wire=22863 wire_sha=8495CAF41325230A8547E028554D63488E842182DE3408AFBACF664A4A5D23EC 1t+4t ok
PASS pe-where.exe [sparse] in=61440 wire=25287 wire_sha=FC6D865DCCEE3E4A5CAFCB4AE91CFF112954298280DF1DED39BA72A5F48B0D6A 1t+4t ok
PASS pe-where.exe [mdl] in=61440 wire=22362 wire_sha=9BA76D809EC72E3837DB6E8EA126AC9A6383E677E684D4E6F0AEC6FB67963568 1t+4t ok
PASS pe-where.exe [shape] in=61440 wire=23676 wire_sha=91243A30BFF98A931ABA26BB5E18CFEE3D77E8471088FDF91C894A8F3E7B7772 1t+4t ok
PASS pe-where.exe [topology] in=61440 wire=26525 wire_sha=CDFD707911CDF5DA5D2BD06610537F218DC0065876C961A97C246174D27D45A6 1t+4t ok
PASS pe-where.exe [tcopy] in=61440 wire=25227 wire_sha=AB683FFC4164E44BA4D5357AA8110246E7045E8B4D6AEEEB8ACB5FB4009156F2 1t+4t ok
PASS pe-where.exe [tcopy-pnra] in=61440 wire=25195 wire_sha=6A21A6762580E246B8F7C27EDF004E8DACB1E2FDCF7D62F9A8F334DCD9DA1144 1t+4t ok
PASS pe-where.exe [hotop] in=61440 wire=26060 wire_sha=A499F6B6A3E40549D84108661E61F664C14A2DB88FB55038C724A9174C3CFA0E 1t+4t ok
PASS pe-where.exe [hotop-rlzp] in=61440 wire=25479 wire_sha=DEBFB754E941A14A793E01F22E4593715FEB79E59A0E15BE4D93884D255CB1C2 1t+4t ok
PASS pe-where.exe [hotop-budget] in=61440 wire=26060 wire_sha=C0AC1F0DBB8A9FCED86FBF9F743AE298915716AFF56ADAE2870E9063151FCDBB 1t+4t ok
PASS pe-where.exe [ariref] in=61440 wire=22362 wire_sha=9BA76D809EC72E3837DB6E8EA126AC9A6383E677E684D4E6F0AEC6FB67963568 1t+4t ok
PASS pe-where.exe [ratio] in=61440 wire=19728 wire_sha=3FCBE1FFBCF64563F07BD4724EB58F7F99457EB1F21B072D88AC1EA2E397B76B 1t+4t ok
PASS pe-where.exe [ratio-bwt] in=61440 wire=22065 wire_sha=4C634556AB1B5715481AB26AB5C5959AD83CAA4BE3DFE1761A40F73191758D7D 1t+4t ok
PASS pe-where.exe [ratio-auto] in=61440 wire=19728 wire_sha=3FCBE1FFBCF64563F07BD4724EB58F7F99457EB1F21B072D88AC1EA2E397B76B 1t+4t ok
PASS pe-where.exe [ratio-lzp-reject] clean-reject rc=1 err=anvil: --bwt-lzp=on is not supported: ratio transform 3 (LZP residue) is disabled (do-not-reburn 06 G2)

INFO file-done pe-where.exe
PASS pe-winver.exe [auto] in=28672 wire=5587 wire_sha=C6FA01BCA4053983116B454945E2A1E314A893B0324F93DF48A6E5C6851882ED 1t+4t ok
PASS pe-winver.exe [greedy] in=28672 wire=5700 wire_sha=24FCF6E9E697B1C5B2BEA4C9F783AE3516165D5179583689DDA12DF7C59FC2BF 1t+4t ok
PASS pe-winver.exe [dp] in=28672 wire=5606 wire_sha=3C848CABD56688CB9D72D01ACD63402ADB08159CAA79BE562BD17CAC13808CF0 1t+4t ok
PASS pe-winver.exe [sparse] in=28672 wire=6835 wire_sha=5BCFC836A796F8C6C9384FE2A04642898DCB228FCFF25B6B69E5CD4498AEFFD1 1t+4t ok
PASS pe-winver.exe [mdl] in=28672 wire=5587 wire_sha=C6FA01BCA4053983116B454945E2A1E314A893B0324F93DF48A6E5C6851882ED 1t+4t ok
PASS pe-winver.exe [shape] in=28672 wire=5938 wire_sha=BA7A003337FBC7E314928F994221C2704E80CB7F45C2EAFF9CA1EE0B7BC9A6C8 1t+4t ok
PASS pe-winver.exe [topology] in=28672 wire=7199 wire_sha=A6B935D53DC9AE40B9EC98534451049AE8DA9C56D841F195D24A1DC747F5D24A 1t+4t ok
PASS pe-winver.exe [tcopy] in=28672 wire=6844 wire_sha=AB1E52F1009FAA04CECF9AB3DE691B307F8AD9F3AF03A5F99E233EC614850ABC 1t+4t ok
PASS pe-winver.exe [tcopy-pnra] in=28672 wire=6854 wire_sha=780E5850EB3F07064962A366C1C91BC134750D8C6AC402AE7CB2951F5424394D 1t+4t ok
PASS pe-winver.exe [hotop] in=28672 wire=7172 wire_sha=CCA0F25CDE157F45D11E462C35194506AA01DA9D46D0DCEE206D18F59BE5BA82 1t+4t ok
PASS pe-winver.exe [hotop-rlzp] in=28672 wire=6947 wire_sha=881A11E56F64E6A70ADCCA8699B1E21A353FC4DF8A59FDACB4C3664D5599ACFA 1t+4t ok
PASS pe-winver.exe [hotop-budget] in=28672 wire=7172 wire_sha=DF339D071BB2DE34FDD3313DA3194CA21DBAA904E9F0F83984B2ADFA9EFE18B8 1t+4t ok
PASS pe-winver.exe [ariref] in=28672 wire=5587 wire_sha=C6FA01BCA4053983116B454945E2A1E314A893B0324F93DF48A6E5C6851882ED 1t+4t ok
PASS pe-winver.exe [ratio] in=28672 wire=4879 wire_sha=854611A4CD50C14EE478BFA74036A038AED7F468664F95EF6A12AE56D7F53BEE 1t+4t ok
PASS pe-winver.exe [ratio-bwt] in=28672 wire=5692 wire_sha=B8FE7766EB883024CD85167CDFAC351CAF0A91273DB09533E0E03FE4DF28E98C 1t+4t ok
PASS pe-winver.exe [ratio-auto] in=28672 wire=4879 wire_sha=854611A4CD50C14EE478BFA74036A038AED7F468664F95EF6A12AE56D7F53BEE 1t+4t ok
PASS pe-winver.exe [ratio-lzp-reject] clean-reject rc=1 err=anvil: --bwt-lzp=on is not supported: ratio transform 3 (LZP residue) is disabled (do-not-reburn 06 G2)

INFO file-done pe-winver.exe
PASS random.bin [auto] in=262144 wire=262166 wire_sha=B2B5A9665342637E8331695EFAE07C3BF46AA903C351B35098FB4C9F8ED990E2 1t+4t ok
PASS random.bin [greedy] in=262144 wire=262166 wire_sha=B2B5A9665342637E8331695EFAE07C3BF46AA903C351B35098FB4C9F8ED990E2 1t+4t ok
PASS random.bin [dp] in=262144 wire=262166 wire_sha=B2B5A9665342637E8331695EFAE07C3BF46AA903C351B35098FB4C9F8ED990E2 1t+4t ok
PASS random.bin [sparse] in=262144 wire=262166 wire_sha=B2B5A9665342637E8331695EFAE07C3BF46AA903C351B35098FB4C9F8ED990E2 1t+4t ok
PASS random.bin [mdl] in=262144 wire=262166 wire_sha=B2B5A9665342637E8331695EFAE07C3BF46AA903C351B35098FB4C9F8ED990E2 1t+4t ok
PASS random.bin [shape] in=262144 wire=262166 wire_sha=B2B5A9665342637E8331695EFAE07C3BF46AA903C351B35098FB4C9F8ED990E2 1t+4t ok
PASS random.bin [topology] in=262144 wire=262166 wire_sha=B2B5A9665342637E8331695EFAE07C3BF46AA903C351B35098FB4C9F8ED990E2 1t+4t ok
PASS random.bin [tcopy] in=262144 wire=262166 wire_sha=B2B5A9665342637E8331695EFAE07C3BF46AA903C351B35098FB4C9F8ED990E2 1t+4t ok
PASS random.bin [tcopy-pnra] in=262144 wire=262166 wire_sha=B2B5A9665342637E8331695EFAE07C3BF46AA903C351B35098FB4C9F8ED990E2 1t+4t ok
PASS random.bin [hotop] in=262144 wire=262166 wire_sha=B2B5A9665342637E8331695EFAE07C3BF46AA903C351B35098FB4C9F8ED990E2 1t+4t ok
PASS random.bin [hotop-rlzp] in=262144 wire=262166 wire_sha=B2B5A9665342637E8331695EFAE07C3BF46AA903C351B35098FB4C9F8ED990E2 1t+4t ok
PASS random.bin [hotop-budget] in=262144 wire=262166 wire_sha=B2B5A9665342637E8331695EFAE07C3BF46AA903C351B35098FB4C9F8ED990E2 1t+4t ok
PASS random.bin [ariref] in=262144 wire=262166 wire_sha=B2B5A9665342637E8331695EFAE07C3BF46AA903C351B35098FB4C9F8ED990E2 1t+4t ok
PASS random.bin [ratio] in=262144 wire=262167 wire_sha=C50C6BA5F65B3B17D5476F9758696995F02889A53C0669F402D852BDDED4A010 1t+4t ok
PASS random.bin [ratio-bwt] in=262144 wire=262167 wire_sha=C50C6BA5F65B3B17D5476F9758696995F02889A53C0669F402D852BDDED4A010 1t+4t ok
PASS random.bin [ratio-auto] in=262144 wire=262167 wire_sha=C50C6BA5F65B3B17D5476F9758696995F02889A53C0669F402D852BDDED4A010 1t+4t ok
PASS random.bin [ratio-lzp-reject] clean-reject rc=1 err=anvil: --bwt-lzp=on is not supported: ratio transform 3 (LZP residue) is disabled (do-not-reburn 06 G2)

INFO file-done random.bin
PASS README.md [auto] in=16048 wire=7615 wire_sha=E9ECAFAAF55AFF718A489F215680394FE408BD5B2C032435AF32F66436BB0A77 1t+4t ok
PASS README.md [greedy] in=16048 wire=7741 wire_sha=62C2AD6DFF85E3D752A94D378074D3DE9C9F31A06C1EE9B45FE2E6F7522CD7AB 1t+4t ok
PASS README.md [dp] in=16048 wire=7711 wire_sha=3CC45709470543F3AF543F6700A10E6D0BC867A8F9F7EB2066DF314A71B36C40 1t+4t ok
PASS README.md [sparse] in=16048 wire=8131 wire_sha=CF1F183FF11439F0DB67FD80A98F44201701393EC707FA7300B206FE5698CAE8 1t+4t ok
PASS README.md [mdl] in=16048 wire=7615 wire_sha=E9ECAFAAF55AFF718A489F215680394FE408BD5B2C032435AF32F66436BB0A77 1t+4t ok
PASS README.md [shape] in=16048 wire=7850 wire_sha=920B894909D31D54E75E7EE063C641A71B75C0299F231AE422CCE8222F3406DF 1t+4t ok
PASS README.md [topology] in=16048 wire=8406 wire_sha=6B66FCEE383182588C0AE3B0BB41E564480DD5B00B0CF5A200B4CAB3ECE5CC09 1t+4t ok
PASS README.md [tcopy] in=16048 wire=8134 wire_sha=FD9475F5AA8E4FD5AA8BC4AABA62D56B7FBAD20BE4BC4FB88DFE3B8F292DB530 1t+4t ok
PASS README.md [tcopy-pnra] in=16048 wire=8134 wire_sha=FD9475F5AA8E4FD5AA8BC4AABA62D56B7FBAD20BE4BC4FB88DFE3B8F292DB530 1t+4t ok
PASS README.md [hotop] in=16048 wire=8461 wire_sha=A2030CDE4725C5ED8298C71C77153DD95CEFC68EB9A1751D17464732C24EC035 1t+4t ok
PASS README.md [hotop-rlzp] in=16048 wire=8461 wire_sha=A2030CDE4725C5ED8298C71C77153DD95CEFC68EB9A1751D17464732C24EC035 1t+4t ok
PASS README.md [hotop-budget] in=16048 wire=8461 wire_sha=D08AA14AC91175751FE87B25F09BFE1483B88EB7E7D3EE10471C151056DB22A0 1t+4t ok
PASS README.md [ariref] in=16048 wire=7615 wire_sha=E9ECAFAAF55AFF718A489F215680394FE408BD5B2C032435AF32F66436BB0A77 1t+4t ok
PASS README.md [ratio] in=16048 wire=6051 wire_sha=A626F7D9119E71A47FC9583CF8EBBFD23A8B2F6CD2E479F43DD7A882DD058B6C 1t+4t ok
PASS README.md [ratio-bwt] in=16048 wire=7248 wire_sha=EF724AF4ED06EF56D711D05C9D5938D19E661198457470BBDC170CB09E1B5C91 1t+4t ok
PASS README.md [ratio-auto] in=16048 wire=6051 wire_sha=A626F7D9119E71A47FC9583CF8EBBFD23A8B2F6CD2E479F43DD7A882DD058B6C 1t+4t ok
PASS README.md [ratio-lzp-reject] clean-reject rc=1 err=anvil: --bwt-lzp=on is not supported: ratio transform 3 (LZP residue) is disabled (do-not-reburn 06 G2)

INFO file-done README.md
PASS src.cpp [auto] in=32512 wire=9349 wire_sha=7C27B0CE4F3CA74384B57CBCE07D5B5BFBCD0B7F88ADBBBFEBD917D984163A85 1t+4t ok
PASS src.cpp [greedy] in=32512 wire=9590 wire_sha=D66514BAC07D606BEC3A5BB776348643452DE3F3CD0DC2E9D2F50470D597C636 1t+4t ok
PASS src.cpp [dp] in=32512 wire=9483 wire_sha=5DB2520172DE8AC7FB85C8027CD581F7649962935BC91E8FD77AD9A409B686E7 1t+4t ok
PASS src.cpp [sparse] in=32512 wire=10645 wire_sha=64BE72E2AA8B218C689294031A66B49AAAD10297372A6DA67B8758F9821AC0EF 1t+4t ok
PASS src.cpp [mdl] in=32512 wire=9349 wire_sha=7C27B0CE4F3CA74384B57CBCE07D5B5BFBCD0B7F88ADBBBFEBD917D984163A85 1t+4t ok
PASS src.cpp [shape] in=32512 wire=10126 wire_sha=E77CF2F601B167527323EC21AC3971CAC7D7C13FA9E5C732877702E718DA052F 1t+4t ok
PASS src.cpp [topology] in=32512 wire=11573 wire_sha=4686538D9BBF86B4F5FF9309FB05457FD0CD2B4B2E29AE5DA63E3C131B11ECEC 1t+4t ok
PASS src.cpp [tcopy] in=32512 wire=10648 wire_sha=6351105D020DC55D9AE443EDC4785CA939BBFA842D860EDA72C29D6F4F31C091 1t+4t ok
PASS src.cpp [tcopy-pnra] in=32512 wire=10648 wire_sha=6351105D020DC55D9AE443EDC4785CA939BBFA842D860EDA72C29D6F4F31C091 1t+4t ok
PASS src.cpp [hotop] in=32512 wire=11303 wire_sha=FF8B560FF7348A2854C26F6698F68361DB1A5193BD5EC95530EEE436E1661022 1t+4t ok
PASS src.cpp [hotop-rlzp] in=32512 wire=11303 wire_sha=FF8B560FF7348A2854C26F6698F68361DB1A5193BD5EC95530EEE436E1661022 1t+4t ok
PASS src.cpp [hotop-budget] in=32512 wire=11303 wire_sha=D352267A05D1797D01D84A399A8C8C4BC111C590B58D259BC11CA7555147DBF9 1t+4t ok
PASS src.cpp [ariref] in=32512 wire=9349 wire_sha=7C27B0CE4F3CA74384B57CBCE07D5B5BFBCD0B7F88ADBBBFEBD917D984163A85 1t+4t ok
PASS src.cpp [ratio] in=32512 wire=8020 wire_sha=922CAD33D335E634EC0B25B1B1D78A52946026A5CF9AFA90BF52F170FEF231BD 1t+4t ok
PASS src.cpp [ratio-bwt] in=32512 wire=8993 wire_sha=A65BD5746400687339D8C4A4E5964D0C9603C59E646B24F1A06C941AD8031471 1t+4t ok
PASS src.cpp [ratio-auto] in=32512 wire=8020 wire_sha=922CAD33D335E634EC0B25B1B1D78A52946026A5CF9AFA90BF52F170FEF231BD 1t+4t ok
PASS src.cpp [ratio-lzp-reject] clean-reject rc=1 err=anvil: --bwt-lzp=on is not supported: ratio transform 3 (LZP residue) is disabled (do-not-reburn 06 G2)

INFO file-done src.cpp
PASS synth-arith.bin [auto] in=256000 wire=256022 wire_sha=2A1E30EE6D8B41EB9FD0F8AA4CD1A0A5D96E718CB20D4DACB059BDC227C66C97 1t+4t ok
PASS synth-arith.bin [greedy] in=256000 wire=256022 wire_sha=2A1E30EE6D8B41EB9FD0F8AA4CD1A0A5D96E718CB20D4DACB059BDC227C66C97 1t+4t ok
PASS synth-arith.bin [dp] in=256000 wire=256022 wire_sha=2A1E30EE6D8B41EB9FD0F8AA4CD1A0A5D96E718CB20D4DACB059BDC227C66C97 1t+4t ok
PASS synth-arith.bin [sparse] in=256000 wire=256022 wire_sha=2A1E30EE6D8B41EB9FD0F8AA4CD1A0A5D96E718CB20D4DACB059BDC227C66C97 1t+4t ok
PASS synth-arith.bin [mdl] in=256000 wire=256022 wire_sha=2A1E30EE6D8B41EB9FD0F8AA4CD1A0A5D96E718CB20D4DACB059BDC227C66C97 1t+4t ok
PASS synth-arith.bin [shape] in=256000 wire=256022 wire_sha=2A1E30EE6D8B41EB9FD0F8AA4CD1A0A5D96E718CB20D4DACB059BDC227C66C97 1t+4t ok
PASS synth-arith.bin [topology] in=256000 wire=256022 wire_sha=2A1E30EE6D8B41EB9FD0F8AA4CD1A0A5D96E718CB20D4DACB059BDC227C66C97 1t+4t ok
PASS synth-arith.bin [tcopy] in=256000 wire=256022 wire_sha=2A1E30EE6D8B41EB9FD0F8AA4CD1A0A5D96E718CB20D4DACB059BDC227C66C97 1t+4t ok
PASS synth-arith.bin [tcopy-pnra] in=256000 wire=256022 wire_sha=2A1E30EE6D8B41EB9FD0F8AA4CD1A0A5D96E718CB20D4DACB059BDC227C66C97 1t+4t ok
PASS synth-arith.bin [hotop] in=256000 wire=256022 wire_sha=2A1E30EE6D8B41EB9FD0F8AA4CD1A0A5D96E718CB20D4DACB059BDC227C66C97 1t+4t ok
PASS synth-arith.bin [hotop-rlzp] in=256000 wire=256022 wire_sha=2A1E30EE6D8B41EB9FD0F8AA4CD1A0A5D96E718CB20D4DACB059BDC227C66C97 1t+4t ok
PASS synth-arith.bin [hotop-budget] in=256000 wire=256022 wire_sha=2A1E30EE6D8B41EB9FD0F8AA4CD1A0A5D96E718CB20D4DACB059BDC227C66C97 1t+4t ok
PASS synth-arith.bin [ariref] in=256000 wire=256022 wire_sha=2A1E30EE6D8B41EB9FD0F8AA4CD1A0A5D96E718CB20D4DACB059BDC227C66C97 1t+4t ok
PASS synth-arith.bin [ratio] in=256000 wire=87043 wire_sha=6651DFE14F42A74A706B1B698EE4592D8715B008A245F0B678BB6F77808E4C5C 1t+4t ok
PASS synth-arith.bin [ratio-bwt] in=256000 wire=114732 wire_sha=6705FCE13378DFA02834B1698D7E351C3CCB27CD0CD02EB8DBBD1E36A7CF9900 1t+4t ok
PASS synth-arith.bin [ratio-auto] in=256000 wire=87043 wire_sha=6651DFE14F42A74A706B1B698EE4592D8715B008A245F0B678BB6F77808E4C5C 1t+4t ok
PASS synth-arith.bin [ratio-lzp-reject] clean-reject rc=1 err=anvil: --bwt-lzp=on is not supported: ratio transform 3 (LZP residue) is disabled (do-not-reburn 06 G2)

INFO file-done synth-arith.bin
PASS synth-columnar-align.bin [auto] in=276000 wire=118089 wire_sha=1F7134C2541A1BFBB1527D50659534152654020DEE5A628E75846F765CB78BE9 1t+4t ok
PASS synth-columnar-align.bin [greedy] in=276000 wire=158010 wire_sha=35CDA10DB3C69C78874212011C6EE11D4906436AA7B49C36F8C0BC2FDF05D9EE 1t+4t ok
PASS synth-columnar-align.bin [dp] in=276000 wire=166590 wire_sha=3D6051AE9378F101A7C6936DAA7998230F089F2C51FFD0EBFBD77267B2F566B1 1t+4t ok
PASS synth-columnar-align.bin [sparse] in=276000 wire=118089 wire_sha=1F7134C2541A1BFBB1527D50659534152654020DEE5A628E75846F765CB78BE9 1t+4t ok
PASS synth-columnar-align.bin [mdl] in=276000 wire=158010 wire_sha=35CDA10DB3C69C78874212011C6EE11D4906436AA7B49C36F8C0BC2FDF05D9EE 1t+4t ok
PASS synth-columnar-align.bin [shape] in=276000 wire=118242 wire_sha=BCFC2C0D5D5C4FAB337B2CD312E4E57692962E1D4F7822713463C6F15CFC9B2C 1t+4t ok
PASS synth-columnar-align.bin [topology] in=276000 wire=118589 wire_sha=1DCB60AF145DC31BA1F5F5DC27C5B66E1CAB2E7AD5CB4178D9F465996876792B 1t+4t ok
PASS synth-columnar-align.bin [tcopy] in=276000 wire=118095 wire_sha=789F10B2F06F48B6B5B64B0F5089AC80BD8BBBF7A37EE2283F95CDFBF3DC09AA 1t+4t ok
PASS synth-columnar-align.bin [tcopy-pnra] in=276000 wire=118095 wire_sha=789F10B2F06F48B6B5B64B0F5089AC80BD8BBBF7A37EE2283F95CDFBF3DC09AA 1t+4t ok
PASS synth-columnar-align.bin [hotop] in=276000 wire=118323 wire_sha=550296ABE7BBB87DFD5E3751B9CEBF9FF4945335FB2D72ADE8C21F17DA0CD9C6 1t+4t ok
PASS synth-columnar-align.bin [hotop-rlzp] in=276000 wire=101483 wire_sha=A4D30252D527AC2CB6E7B0E65F529C2E17FDC30BE8674AE6C2687AC3AC88E7D6 1t+4t ok
PASS synth-columnar-align.bin [hotop-budget] in=276000 wire=118323 wire_sha=95F53DAA6AC84DCED745A5798DC5A059E833324DA7C4004128AD2B1D7334DB83 1t+4t ok
PASS synth-columnar-align.bin [ariref] in=276000 wire=118089 wire_sha=1F7134C2541A1BFBB1527D50659534152654020DEE5A628E75846F765CB78BE9 1t+4t ok
PASS synth-columnar-align.bin [ratio] in=276000 wire=105945 wire_sha=5F6CAA5108CAE63458060FFBAACCD7FCB026C76FDB7AD45DC8D1360BD9010788 1t+4t ok
PASS synth-columnar-align.bin [ratio-bwt] in=276000 wire=133051 wire_sha=8EE5A0E004DF46F21207064D4EC0BEF4270C7F39E104C1189FA9A19A2558DE2A 1t+4t ok
PASS synth-columnar-align.bin [ratio-auto] in=276000 wire=105945 wire_sha=5F6CAA5108CAE63458060FFBAACCD7FCB026C76FDB7AD45DC8D1360BD9010788 1t+4t ok
PASS synth-columnar-align.bin [ratio-lzp-reject] clean-reject rc=1 err=anvil: --bwt-lzp=on is not supported: ratio transform 3 (LZP residue) is disabled (do-not-reburn 06 G2)

INFO file-done synth-columnar-align.bin
PASS synth-counters.log [auto] in=1107326 wire=127048 wire_sha=77976E432FE26840E425228AFF4E8455CAE75F17ABA8229DD584C64296E6F030 1t+4t ok
PASS synth-counters.log [greedy] in=1107326 wire=164079 wire_sha=4CCED853C42C62BF7EF7692F86D047418BA41CB741A3A33E4532866480248CAB 1t+4t ok
PASS synth-counters.log [dp] in=1107326 wire=127559 wire_sha=A08896BFB9B8953A2B609418401DBBFB921DD1BDF73A8FBA565206FFF08BE7D1 1t+4t ok
PASS synth-counters.log [sparse] in=1107326 wire=144144 wire_sha=039A15BA26DF3B5A405B6437E00740CC785BB352C72212C0BA420C23393E249C 1t+4t ok
PASS synth-counters.log [mdl] in=1107326 wire=130537 wire_sha=7F61A2DD0ADB929C1177ACD316035C8786C3FEB021D61D833D7A636522A3DAC4 1t+4t ok
PASS synth-counters.log [shape] in=1107326 wire=143552 wire_sha=C7475705F440AE489BD7E6099E35FAE12CE5243DE2F14E2E376935935B623036 1t+4t ok
PASS synth-counters.log [topology] in=1107326 wire=152453 wire_sha=639865A99811F89F35742B91B79B0B35903980E096992ECC9D6E983B25EA9740 1t+4t ok
PASS synth-counters.log [tcopy] in=1107326 wire=144159 wire_sha=A228D54737EBE78EB7B11A2018707066215D15566D80599F118F324A1A79FE13 1t+4t ok
PASS synth-counters.log [tcopy-pnra] in=1107326 wire=144159 wire_sha=A228D54737EBE78EB7B11A2018707066215D15566D80599F118F324A1A79FE13 1t+4t ok
PASS synth-counters.log [hotop] in=1107326 wire=144257 wire_sha=A25BD54C6EF200DE8A2DFFC22C04D76FB5E3BF2F932FDA75650CF5EDBD32E7EF 1t+4t ok
PASS synth-counters.log [hotop-rlzp] in=1107326 wire=116797 wire_sha=696B10F552AAA4222D8C90802EB0FB653E8731FEC84B6AD8A61E5B883A45D3C7 1t+4t ok
PASS synth-counters.log [hotop-budget] in=1107326 wire=144257 wire_sha=1A1F785C08702127FE1FEF477C56B6523DE45169B7394CC2E14A7C7958B92180 1t+4t ok
PASS synth-counters.log [ariref] in=1107326 wire=127048 wire_sha=77976E432FE26840E425228AFF4E8455CAE75F17ABA8229DD584C64296E6F030 1t+4t ok
PASS synth-counters.log [ratio] in=1107326 wire=17464 wire_sha=327EE437240FA4352BED138BC6594D4D4CEEC2222B2E1F55C6C86EB2BF5CF698 1t+4t ok
PASS synth-counters.log [ratio-bwt] in=1107326 wire=25234 wire_sha=6F9FF579CD2218F2112642F9C6B06C57B92FAF63C75BE7837E33332C5D36E7BE 1t+4t ok
PASS synth-counters.log [ratio-auto] in=1107326 wire=17464 wire_sha=327EE437240FA4352BED138BC6594D4D4CEEC2222B2E1F55C6C86EB2BF5CF698 1t+4t ok
PASS synth-counters.log [ratio-lzp-reject] clean-reject rc=1 err=anvil: --bwt-lzp=on is not supported: ratio transform 3 (LZP residue) is disabled (do-not-reburn 06 G2)

INFO file-done synth-counters.log
PASS synth-drift-stride.bin [auto] in=615376 wire=143950 wire_sha=2A159965379BF09557291D74BA65D8BCCA65DFD532986E47A3AAB2BB19103145 1t+4t ok
PASS synth-drift-stride.bin [greedy] in=615376 wire=145494 wire_sha=4B9B45F8A6F5A22FE8C2AAB2B27DFA4E34050E245EF810214966D03C1F68EA5A 1t+4t ok
PASS synth-drift-stride.bin [dp] in=615376 wire=144290 wire_sha=73AA33FB05584FF82AE752020F3A6F24A9A4ABA2BF6EB4954A85F984AB3C496B 1t+4t ok
PASS synth-drift-stride.bin [sparse] in=615376 wire=152062 wire_sha=41373BDE27E2D5B3144A1F339C1B05D8666624E1E599A27409C7A0FD9CB34B8F 1t+4t ok
PASS synth-drift-stride.bin [mdl] in=615376 wire=145494 wire_sha=4B9B45F8A6F5A22FE8C2AAB2B27DFA4E34050E245EF810214966D03C1F68EA5A 1t+4t ok
PASS synth-drift-stride.bin [shape] in=615376 wire=151630 wire_sha=15A85941F3C0CDC5377C96C37F60A266B10A7DFC6E93B144043778CCA2943FAC 1t+4t ok
PASS synth-drift-stride.bin [topology] in=615376 wire=153605 wire_sha=103940D51425DCC9351E6EE833F98B3E8F8EDE816F1AC2CB58C03A92A5ED807F 1t+4t ok
PASS synth-drift-stride.bin [tcopy] in=615376 wire=152071 wire_sha=2E31F6A59966B63EA29F8A040CD2EA144459DCFFF38A1BF860070AFAB14211F2 1t+4t ok
PASS synth-drift-stride.bin [tcopy-pnra] in=615376 wire=152071 wire_sha=2E31F6A59966B63EA29F8A040CD2EA144459DCFFF38A1BF860070AFAB14211F2 1t+4t ok
PASS synth-drift-stride.bin [hotop] in=615376 wire=151677 wire_sha=2413C8F14E06A70CAF7896956B2E9C2625A460D3828356EE1F66F8CEC591B379 1t+4t ok
PASS synth-drift-stride.bin [hotop-rlzp] in=615376 wire=108361 wire_sha=93FF47FC77D6B8110CAA47682FC5BFFF7E8F6B2AB2A44926721DD4188A43C09F 1t+4t ok
PASS synth-drift-stride.bin [hotop-budget] in=615376 wire=151677 wire_sha=B217D1734C4B80B7D580C4A0907D46D09ED5C91259E4D3A5D07653F8F11C2EEA 1t+4t ok
PASS synth-drift-stride.bin [ariref] in=615376 wire=143950 wire_sha=2A159965379BF09557291D74BA65D8BCCA65DFD532986E47A3AAB2BB19103145 1t+4t ok
PASS synth-drift-stride.bin [ratio] in=615376 wire=100979 wire_sha=3CA384A45E553408EF7297E7AFC6CC194B655CCAB90864D60E9DBAE5FCAACA23 1t+4t ok
PASS synth-drift-stride.bin [ratio-bwt] in=615376 wire=142255 wire_sha=598C81A4F33ADD2EC9B73B23FB0ED9F5FED825FB9E09FAC2343772CB0730DC03 1t+4t ok
PASS synth-drift-stride.bin [ratio-auto] in=615376 wire=100979 wire_sha=3CA384A45E553408EF7297E7AFC6CC194B655CCAB90864D60E9DBAE5FCAACA23 1t+4t ok
PASS synth-drift-stride.bin [ratio-lzp-reject] clean-reject rc=1 err=anvil: --bwt-lzp=on is not supported: ratio transform 3 (LZP residue) is disabled (do-not-reburn 06 G2)

INFO file-done synth-drift-stride.bin
PASS synth-jitter.bin [auto] in=974920 wire=86828 wire_sha=5B414F7BF27C1A15FC8B8721E68495B51C4B06E137F41C661A345D087439D838 1t+4t ok
PASS synth-jitter.bin [greedy] in=974920 wire=99833 wire_sha=F75465E19D912CFC8ED3377FC5CD4B7B1F0761D3C4115680E568CBDE9C72F0F5 1t+4t ok
PASS synth-jitter.bin [dp] in=974920 wire=94669 wire_sha=9935FF7F3A6C0814FDBFD0C1BB3DB68F612DDE810FDFE47400120F03D1188090 1t+4t ok
PASS synth-jitter.bin [sparse] in=974920 wire=97384 wire_sha=B0978DCC5681A8CAB0541A93C2CD24DD9040EFE47D0FC79B3EE142B0155B63B6 1t+4t ok
PASS synth-jitter.bin [mdl] in=974920 wire=86828 wire_sha=5B414F7BF27C1A15FC8B8721E68495B51C4B06E137F41C661A345D087439D838 1t+4t ok
PASS synth-jitter.bin [shape] in=974920 wire=90767 wire_sha=FD79C8D27D5050D1328E60FA5D05719E2720C961549E73C7D31BCE747808CC5D 1t+4t ok
PASS synth-jitter.bin [topology] in=974920 wire=104491 wire_sha=FCB21AFF47A51DAE57411BDD735E00E1E8E806EC80AB0EBB84679447A395957C 1t+4t ok
PASS synth-jitter.bin [tcopy] in=974920 wire=97396 wire_sha=FF8BD403C00EF9E5574A81F1D3A14AA4F20A52D60CF7D1E8EF711A55D6B5F3D0 1t+4t ok
PASS synth-jitter.bin [tcopy-pnra] in=974920 wire=97396 wire_sha=FF8BD403C00EF9E5574A81F1D3A14AA4F20A52D60CF7D1E8EF711A55D6B5F3D0 1t+4t ok
PASS synth-jitter.bin [hotop] in=974920 wire=98585 wire_sha=82900AD7BD9DDE9BC3A7B3EB37AA30CADEC2DDCEE02D7CC6D8C8ED1F25F134A6 1t+4t ok
PASS synth-jitter.bin [hotop-rlzp] in=974920 wire=93475 wire_sha=2959AF38698095159B42628A111E978690B86E5A0E97F79DC5D58BEFA43F4D87 1t+4t ok
PASS synth-jitter.bin [hotop-budget] in=974920 wire=98585 wire_sha=893060D706978173867542438805D3835A66B3115E2D35194628E651C094410D 1t+4t ok
PASS synth-jitter.bin [ariref] in=974920 wire=86828 wire_sha=5B414F7BF27C1A15FC8B8721E68495B51C4B06E137F41C661A345D087439D838 1t+4t ok
PASS synth-jitter.bin [ratio] in=974920 wire=62747 wire_sha=88F0028DEDFF9D269F41EF182BF7D30C8892B9190BF9993A00B9C7BBA22E5220 1t+4t ok
PASS synth-jitter.bin [ratio-bwt] in=974920 wire=69930 wire_sha=BCD0D306BE7703C832143CCB7F924CC71EDF271FEC0C6A54C8FB7550368B310E 1t+4t ok
PASS synth-jitter.bin [ratio-auto] in=974920 wire=62747 wire_sha=88F0028DEDFF9D269F41EF182BF7D30C8892B9190BF9993A00B9C7BBA22E5220 1t+4t ok
PASS synth-jitter.bin [ratio-lzp-reject] clean-reject rc=1 err=anvil: --bwt-lzp=on is not supported: ratio transform 3 (LZP residue) is disabled (do-not-reburn 06 G2)

INFO file-done synth-jitter.bin
PASS synth-ndjson-columnar.ndjson [auto] in=995894 wire=22158 wire_sha=B3709AB798D2BAD05C6B3F50E75B0AB0326B9E3087634053C2423CAD760C2EB5 1t+4t ok
PASS synth-ndjson-columnar.ndjson [greedy] in=995894 wire=42817 wire_sha=B5F8AB05089BB2D897202672945A428D97E3F7D3C758B562E434DCD6BD5F5A0B 1t+4t ok
PASS synth-ndjson-columnar.ndjson [dp] in=995894 wire=22574 wire_sha=374725CB79D9AC7B10216797AE4AE5280A2954C4B7BD1D718FCA27896C7761B4 1t+4t ok
PASS synth-ndjson-columnar.ndjson [sparse] in=995894 wire=41612 wire_sha=3B2446F212C6272CF75DD688F2B2224589EBD84AFD0D7D81DC507D3B1506BB88 1t+4t ok
PASS synth-ndjson-columnar.ndjson [mdl] in=995894 wire=22169 wire_sha=EF535B6D12C47655E8DD6E8ACB7FCEDA8F8AD664A4286C1FEEDD697F910CA4BB 1t+4t ok
PASS synth-ndjson-columnar.ndjson [shape] in=995894 wire=24609 wire_sha=556FA5E2F8DC81C32204AD9C6CE9D8E3E21F0A62328925504330E4E3932224B8 1t+4t ok
PASS synth-ndjson-columnar.ndjson [topology] in=995894 wire=41786 wire_sha=2D47D31606BA6FED92634A74C9BD0A07ACFDC6FB0389CA6A959281BAAAFA7B58 1t+4t ok
PASS synth-ndjson-columnar.ndjson [tcopy] in=995894 wire=41624 wire_sha=9C2AF3035A297F18F9DE531395246890CCA0BAE309D05DDD4931BE5F562203C1 1t+4t ok
PASS synth-ndjson-columnar.ndjson [tcopy-pnra] in=995894 wire=41624 wire_sha=9C2AF3035A297F18F9DE531395246890CCA0BAE309D05DDD4931BE5F562203C1 1t+4t ok
PASS synth-ndjson-columnar.ndjson [hotop] in=995894 wire=41232 wire_sha=7B767EBF9B850053D4CA1C2CC74E1AE4E5164838BB139127128B6B69A6E3EE74 1t+4t ok
PASS synth-ndjson-columnar.ndjson [hotop-rlzp] in=995894 wire=12039 wire_sha=A5F91ADDEF0C46E540396DCEB9C78D6DFB7F40B8ADEAB9361BA801B7335ADA3B 1t+4t ok
PASS synth-ndjson-columnar.ndjson [hotop-budget] in=995894 wire=41232 wire_sha=94CF104FA0E89751380F1AE3C7E6E7B0705D9BF33704213478C637101C4A84E9 1t+4t ok
PASS synth-ndjson-columnar.ndjson [ariref] in=995894 wire=22158 wire_sha=B3709AB798D2BAD05C6B3F50E75B0AB0326B9E3087634053C2423CAD760C2EB5 1t+4t ok
PASS synth-ndjson-columnar.ndjson [ratio] in=995894 wire=1175 wire_sha=14B95EFB9357EEDC7AC00393CC7C2E936F51F5AFA85806DE354EF76243D5AA28 1t+4t ok
PASS synth-ndjson-columnar.ndjson [ratio-bwt] in=995894 wire=1101 wire_sha=EF0FAB5C796EB3070C12A1ACFAB5D5533DA4CED67A7E2D5F91E30B0D4C4F0019 1t+4t ok
PASS synth-ndjson-columnar.ndjson [ratio-auto] in=995894 wire=1101 wire_sha=EF0FAB5C796EB3070C12A1ACFAB5D5533DA4CED67A7E2D5F91E30B0D4C4F0019 1t+4t ok
PASS synth-ndjson-columnar.ndjson [ratio-lzp-reject] clean-reject rc=1 err=anvil: --bwt-lzp=on is not supported: ratio transform 3 (LZP residue) is disabled (do-not-reburn 06 G2)

INFO file-done synth-ndjson-columnar.ndjson
PASS synth-telemetry-f64.bin [auto] in=320000 wire=284152 wire_sha=16C26F93B68CD741595F7E3294386B63DCF79F6ADBB66D72E12C1BFDBD95F933 1t+4t ok
PASS synth-telemetry-f64.bin [greedy] in=320000 wire=284152 wire_sha=16C26F93B68CD741595F7E3294386B63DCF79F6ADBB66D72E12C1BFDBD95F933 1t+4t ok
PASS synth-telemetry-f64.bin [dp] in=320000 wire=287487 wire_sha=BC6C1327B2E8B74D63503F68B975D503436AC43BF2CF454738E087F6B71FFBBA 1t+4t ok
PASS synth-telemetry-f64.bin [sparse] in=320000 wire=287464 wire_sha=1A8DEE9716BB917433591F0BE834B12EC9977AC56DE4C6574D807B17215AC64F 1t+4t ok
PASS synth-telemetry-f64.bin [mdl] in=320000 wire=284152 wire_sha=16C26F93B68CD741595F7E3294386B63DCF79F6ADBB66D72E12C1BFDBD95F933 1t+4t ok
PASS synth-telemetry-f64.bin [shape] in=320000 wire=287176 wire_sha=CA3DDD32C223A7DBA67F516644AF1D11D7C8B7ED52AF88D9D055A47533E89B37 1t+4t ok
PASS synth-telemetry-f64.bin [topology] in=320000 wire=290239 wire_sha=5E73E4148F4FEDC0943D9BA55C8008576216A85680239CCC5B113D8830A8F4A0 1t+4t ok
PASS synth-telemetry-f64.bin [tcopy] in=320000 wire=287467 wire_sha=DB1A75E15CBB59FBD9EEF930C5D941638887C1144471DA18836E0BA9403C3493 1t+4t ok
PASS synth-telemetry-f64.bin [tcopy-pnra] in=320000 wire=287467 wire_sha=DB1A75E15CBB59FBD9EEF930C5D941638887C1144471DA18836E0BA9403C3493 1t+4t ok
PASS synth-telemetry-f64.bin [hotop] in=320000 wire=288677 wire_sha=08B7AF3A5DE5A9951EAAA7D75A37E81982EC397453B26B4AF96B1BB5AD1826F4 1t+4t ok
PASS synth-telemetry-f64.bin [hotop-rlzp] in=320000 wire=288547 wire_sha=82DB32087FEFFC7A1C02551AF90E611368244F116F623BAE450BAA2ADDEF7017 1t+4t ok
PASS synth-telemetry-f64.bin [hotop-budget] in=320000 wire=288677 wire_sha=20CFA845465D4D238AC2080F397B485D3D13DB09CB023F0FD1B08F46E8798E80 1t+4t ok
PASS synth-telemetry-f64.bin [ariref] in=320000 wire=284152 wire_sha=16C26F93B68CD741595F7E3294386B63DCF79F6ADBB66D72E12C1BFDBD95F933 1t+4t ok
PASS synth-telemetry-f64.bin [ratio] in=320000 wire=82527 wire_sha=820D50CCFFB95A1EC6CCE4B312527DBC077EF03089FD3093981E2E686B474E27 1t+4t ok
PASS synth-telemetry-f64.bin [ratio-bwt] in=320000 wire=122012 wire_sha=7F28C06F1D6BE8CDC9B742DB7420C4A81ABFC9C5C373EEE31364F426E0C67E31 1t+4t ok
PASS synth-telemetry-f64.bin [ratio-auto] in=320000 wire=82527 wire_sha=820D50CCFFB95A1EC6CCE4B312527DBC077EF03089FD3093981E2E686B474E27 1t+4t ok
PASS synth-telemetry-f64.bin [ratio-lzp-reject] clean-reject rc=1 err=anvil: --bwt-lzp=on is not supported: ratio transform 3 (LZP residue) is disabled (do-not-reburn 06 G2)

INFO file-done synth-telemetry-f64.bin
PASS synth-timeseries.bin [auto] in=280000 wire=143081 wire_sha=B06F822AC6B769445F43FA563E12A95BDCE2951506D5DABF1AEDD85A43E702AB 1t+4t ok
PASS synth-timeseries.bin [greedy] in=280000 wire=155714 wire_sha=9A9B4818EC88CE85CE5ADA75B7A047730B1A2832C6A4BB3115F557F5B071C479 1t+4t ok
PASS synth-timeseries.bin [dp] in=280000 wire=156424 wire_sha=234F3F85D39C8C8EB4E14E664562048623009E6638AAF17FCBA6DC3966636AFE 1t+4t ok
PASS synth-timeseries.bin [sparse] in=280000 wire=143132 wire_sha=6F9F04C018AFB3BBCAA4BC19186C917DB2CB6F7BB2C518ACFBC7F8F3B65B7F1C 1t+4t ok
PASS synth-timeseries.bin [mdl] in=280000 wire=155714 wire_sha=9A9B4818EC88CE85CE5ADA75B7A047730B1A2832C6A4BB3115F557F5B071C479 1t+4t ok
PASS synth-timeseries.bin [shape] in=280000 wire=144219 wire_sha=98FBE27C72A35683F3F7CC1B8286EA8ECBB22BF50384F712627C10655ED35580 1t+4t ok
PASS synth-timeseries.bin [topology] in=280000 wire=152499 wire_sha=ABDD2A92D7518150B9CD80C57C7200A1126ACBDD9440CB77E97BA0E82B73A841 1t+4t ok
PASS synth-timeseries.bin [tcopy] in=280000 wire=143138 wire_sha=838FE43130CCF450D3E06269957DBB350EB90526065A9DC45EF79831384FA847 1t+4t ok
PASS synth-timeseries.bin [tcopy-pnra] in=280000 wire=143138 wire_sha=838FE43130CCF450D3E06269957DBB350EB90526065A9DC45EF79831384FA847 1t+4t ok
PASS synth-timeseries.bin [hotop] in=280000 wire=143234 wire_sha=4AC0D65EAEC5E3985F6E6D73ADF02DA04D9427B9D6F8FC59FA935F744DC3D8BC 1t+4t ok
PASS synth-timeseries.bin [hotop-rlzp] in=280000 wire=140898 wire_sha=5814CF05126505B2C07322A0DC68503727283EE4B4FEFCB140B5782BC2B98730 1t+4t ok
PASS synth-timeseries.bin [hotop-budget] in=280000 wire=143234 wire_sha=534AADE7D4E0F5393C204CF00288F78920441A08B402CB3D006A109C35515885 1t+4t ok
PASS synth-timeseries.bin [ariref] in=280000 wire=143081 wire_sha=B06F822AC6B769445F43FA563E12A95BDCE2951506D5DABF1AEDD85A43E702AB 1t+4t ok
PASS synth-timeseries.bin [ratio] in=280000 wire=134747 wire_sha=C64948C797DB6BF668774170FDF90BBA96C6E1506D82E095D8E5B9331D9479F4 1t+4t ok
PASS synth-timeseries.bin [ratio-bwt] in=280000 wire=173203 wire_sha=664324A72B3C7ADF03A1C55710DE6AEB0BD3ED310AC97C81373C5A0EA2997A0C 1t+4t ok
PASS synth-timeseries.bin [ratio-auto] in=280000 wire=134747 wire_sha=C64948C797DB6BF668774170FDF90BBA96C6E1506D82E095D8E5B9331D9479F4 1t+4t ok
PASS synth-timeseries.bin [ratio-lzp-reject] clean-reject rc=1 err=anvil: --bwt-lzp=on is not supported: ratio transform 3 (LZP residue) is disabled (do-not-reburn 06 G2)

INFO file-done synth-timeseries.bin
# SUMMARY pass=442 fail=0 total=442
